Component: ARM Compiler 5.05 update 1 (build 106) Tool: armlink [4d0efa]

==============================================================================

Section Cross References

    startup_mk60d10.o(RESET) refers to startup_mk60d10.o(STACK) for __initial_sp
    startup_mk60d10.o(RESET) refers to startup_mk60d10.o(.text) for Reset_Handler
    startup_mk60d10.o(RESET) refers to system_mk60.o(i.NMI_Handler) for NMI_Handler
    startup_mk60d10.o(RESET) refers to isr.o(i.DMA0_IRQHandler) for DMA0_IRQHandler
    startup_mk60d10.o(RESET) refers to isr.o(i.UART3_RX_TX_IRQHandler) for UART3_RX_TX_IRQHandler
    startup_mk60d10.o(RESET) refers to isr.o(i.PIT0_IRQHandler) for PIT0_IRQHandler
    startup_mk60d10.o(RESET) refers to isr.o(i.PIT1_IRQHandler) for PIT1_IRQHandler
    startup_mk60d10.o(RESET) refers to isr.o(i.PIT2_IRQHandler) for PIT2_IRQHandler
    startup_mk60d10.o(RESET) refers to isr.o(i.PORTA_IRQHandler) for PORTA_IRQHandler
    startup_mk60d10.o(RESET) refers to isr.o(i.PORTC_IRQHandler) for PORTC_IRQHandler
    startup_mk60d10.o(.text) refers to system_mk60.o(i.Start) for Start
    startup_mk60d10.o(.text) refers to entry.o(.ARM.Collect$$$$00000000) for __main
    system_mk60.o(i.SYSTEM_CLK) refers to system_mk60.o(i.div_set) for div_set
    system_mk60.o(i.Start) refers to system_mk60.o(i.Disable_Wdog) for Disable_Wdog
    system_mk60.o(i.Start) refers to system_mk60.o(i.SYSTEM_CLK) for SYSTEM_CLK
    system_mk60.o(i.Start) refers to mk60_gpio.o(i.gpio_init) for gpio_init
    common.o(i.get_clk) refers to mk60_uart.o(i.uart_init) for uart_init
    common.o(i.get_clk) refers to common.o(.data) for mcgout_clk_mhz
    mk60_adc.o(i.adc_ave) refers to mk60_adc.o(i.adc_once) for adc_once
    mk60_adc.o(i.adc_init) refers to mk60_port.o(i.port_init) for port_init
    mk60_adc.o(i.adc_once) refers to mk60_adc.o(i.adc_start) for adc_start
    mk60_adc.o(i.adc_once) refers to mk60_adc.o(.constdata) for ADCX
    mk60_adc.o(i.adc_start) refers to mk60_adc.o(.constdata) for ADCX
    mk60_adc.o(i.adc_stop) refers to mk60_adc.o(.constdata) for ADCX
    mk60_cmt.o(i.cmt_pwm_duty) refers to mk60_cmt.o(.data) for cmt_period
    mk60_cmt.o(i.cmt_pwm_freq) refers to common.o(.data) for bus_clk_mhz
    mk60_cmt.o(i.cmt_pwm_freq) refers to mk60_cmt.o(.data) for cmt_period
    mk60_cmt.o(i.cmt_pwm_init) refers to mk60_port.o(i.port_init) for port_init
    mk60_cmt.o(i.cmt_pwm_init) refers to common.o(.data) for bus_clk_mhz
    mk60_cmt.o(i.cmt_pwm_init) refers to mk60_cmt.o(.data) for cmt_period
    mk60_dac.o(i.dac_init) refers to mk60_dac.o(.constdata) for DACX
    mk60_dac.o(i.dac_out) refers to mk60_dac.o(.constdata) for DACX
    mk60_dma.o(i.dma_portx2buff_init) refers to mk60_port.o(i.port_init) for port_init
    mk60_dma.o(i.dma_portx2buff_init) refers to mk60_gpio.o(i.gpio_init) for gpio_init
    mk60_flash.o(i.FLASH_EraseSector) refers to mk60_flash.o(i.FlashCmdStart) for FlashCmdStart
    mk60_flash.o(i.FLASH_WriteSector) refers to mk60_flash.o(i.FlashCmdStart) for FlashCmdStart
    mk60_flash.o(i.FlashCmdStart) refers to mk60_flash.o(.data) for s_flash_command_run
    mk60_ftm.o(i.FTM_port_mux) refers to mk60_port.o(i.port_init) for port_init
    mk60_ftm.o(i.ftm_input_clean) refers to mk60_ftm.o(.constdata) for FTMX
    mk60_ftm.o(i.ftm_input_get) refers to mk60_ftm.o(.constdata) for FTMX
    mk60_ftm.o(i.ftm_input_init) refers to mk60_ftm.o(i.FTM_port_mux) for FTM_port_mux
    mk60_ftm.o(i.ftm_input_init) refers to mk60_ftm.o(.constdata) for FTMX
    mk60_ftm.o(i.ftm_input_init) refers to common.o(.data) for bus_clk_mhz
    mk60_ftm.o(i.ftm_pwm_duty) refers to mk60_ftm.o(.data) for period
    mk60_ftm.o(i.ftm_pwm_duty) refers to mk60_ftm.o(.constdata) for FTMX
    mk60_ftm.o(i.ftm_pwm_freq) refers to common.o(.data) for bus_clk_mhz
    mk60_ftm.o(i.ftm_pwm_freq) refers to mk60_ftm.o(.data) for period
    mk60_ftm.o(i.ftm_pwm_freq) refers to mk60_ftm.o(.constdata) for FTMX
    mk60_ftm.o(i.ftm_pwm_init) refers to mk60_ftm.o(i.FTM_port_mux) for FTM_port_mux
    mk60_ftm.o(i.ftm_pwm_init) refers to common.o(.data) for bus_clk_mhz
    mk60_ftm.o(i.ftm_pwm_init) refers to mk60_ftm.o(.data) for period
    mk60_ftm.o(i.ftm_pwm_init) refers to mk60_ftm.o(.constdata) for FTMX
    mk60_ftm.o(i.ftm_quad_clean) refers to mk60_ftm.o(.constdata) for FTMX
    mk60_ftm.o(i.ftm_quad_get) refers to mk60_ftm.o(.constdata) for FTMX
    mk60_ftm.o(i.ftm_quad_init) refers to mk60_port.o(i.port_init) for port_init
    mk60_ftm.o(i.ftm_quad_init) refers to mk60_ftm.o(.constdata) for FTMX
    mk60_gpio.o(i.gpio_ddr) refers to mk60_gpio.o(.constdata) for GPIOX
    mk60_gpio.o(i.gpio_get) refers to mk60_gpio.o(.constdata) for GPIOX
    mk60_gpio.o(i.gpio_init) refers to mk60_gpio.o(.constdata) for PORTX
    mk60_gpio.o(i.gpio_set) refers to mk60_gpio.o(.constdata) for GPIOX
    mk60_gpio.o(i.gpio_turn) refers to mk60_gpio.o(.constdata) for GPIOX
    mk60_i2c.o(i.i2c_init) refers to memcpya.o(.text) for __aeabi_memcpy4
[...]
    Removing inv_mpu.o(i.mpu_dmp_get_data), (548 bytes).
    Removing inv_mpu.o(i.mpu_dmp_init), (172 bytes).
    Removing inv_mpu.o(i.mpu_get_accel_fsr), (76 bytes).
    Removing inv_mpu.o(i.mpu_get_accel_reg), (116 bytes).
    Removing inv_mpu.o(i.mpu_get_accel_sens), (84 bytes).
    Removing inv_mpu.o(i.mpu_get_compass_fsr), (8 bytes).
    Removing inv_mpu.o(i.mpu_get_compass_reg), (8 bytes).
    Removing inv_mpu.o(i.mpu_get_compass_sample_rate), (10 bytes).
    Removing inv_mpu.o(i.mpu_get_dmp_state), (20 bytes).
    Removing inv_mpu.o(i.mpu_get_fifo_config), (16 bytes).
    Removing inv_mpu.o(i.mpu_get_gyro_fsr), (68 bytes).
    Removing inv_mpu.o(i.mpu_get_gyro_reg), (116 bytes).
    Removing inv_mpu.o(i.mpu_get_gyro_sens), (80 bytes).
    Removing inv_mpu.o(i.mpu_get_int_status), (68 bytes).
    Removing inv_mpu.o(i.mpu_get_lpf), (80 bytes).
    Removing inv_mpu.o(i.mpu_get_power_state), (28 bytes).
    Removing inv_mpu.o(i.mpu_get_sample_rate), (32 bytes).
    Removing inv_mpu.o(i.mpu_get_temperature), (160 bytes).
    Removing inv_mpu.o(i.mpu_init), (496 bytes).
    Removing inv_mpu.o(i.mpu_load_firmware), (184 bytes).
    Removing inv_mpu.o(i.mpu_lp_accel_mode), (224 bytes).
    Removing inv_mpu.o(i.mpu_lp_motion_interrupt), (516 bytes).
    Removing inv_mpu.o(i.mpu_read_fifo), (504 bytes).
    Removing inv_mpu.o(i.mpu_read_fifo_stream), (192 bytes).
    Removing inv_mpu.o(i.mpu_read_mem), (128 bytes).
    Removing inv_mpu.o(i.mpu_read_reg), (72 bytes).
    Removing inv_mpu.o(i.mpu_reg_dump), (104 bytes).
    Removing inv_mpu.o(i.mpu_reset_fifo), (456 bytes).
    Removing inv_mpu.o(i.mpu_run_self_test), (284 bytes).
    Removing inv_mpu.o(i.mpu_set_accel_bias), (384 bytes).
    Removing inv_mpu.o(i.mpu_set_accel_fsr), (132 bytes).
    Removing inv_mpu.o(i.mpu_set_bypass), (332 bytes).
    Removing inv_mpu.o(i.mpu_set_compass_sample_rate), (8 bytes).
    Removing inv_mpu.o(i.mpu_set_dmp_state), (144 bytes).
    Removing inv_mpu.o(i.mpu_set_gyro_fsr), (136 bytes).
    Removing inv_mpu.o(i.mpu_set_int_latched), (108 bytes).
    Removing inv_mpu.o(i.mpu_set_int_level), (16 bytes).
    Removing inv_mpu.o(i.mpu_set_lpf), (132 bytes).
    Removing inv_mpu.o(i.mpu_set_sample_rate), (156 bytes).
    Removing inv_mpu.o(i.mpu_set_sensors), (208 bytes).
    Removing inv_mpu.o(i.mpu_write_mem), (128 bytes).
    Removing inv_mpu.o(i.run_self_test), (148 bytes).
    Removing inv_mpu.o(i.set_int_enable), (144 bytes).
    Removing inv_mpu.o(i.setup_compass), (6 bytes).
    Removing inv_mpu.o(.constdata), (80 bytes).
    Removing inv_mpu.o(.conststring), (78 bytes).
    Removing inv_mpu.o(.data), (53 bytes).
    Removing inv_mpu_dmp_motion_driver.o(.rev16_text), (4 bytes).
    Removing inv_mpu_dmp_motion_driver.o(.revsh_text), (4 bytes).
    Removing inv_mpu_dmp_motion_driver.o(i.decode_gesture), (100 bytes).
    Removing inv_mpu_dmp_motion_driver.o(i.dmp_enable_6x_lp_quat), (60 bytes).
    Removing inv_mpu_dmp_motion_driver.o(i.dmp_enable_feature), (540 bytes).
    Removing inv_mpu_dmp_motion_driver.o(i.dmp_enable_gyro_cal), (88 bytes).
    Removing inv_mpu_dmp_motion_driver.o(i.dmp_enable_lp_quat), (60 bytes).
    Removing inv_mpu_dmp_motion_driver.o(i.dmp_get_enabled_features), (16 bytes).
    Removing inv_mpu_dmp_motion_driver.o(i.dmp_get_fifo_rate), (16 bytes).
    Removing inv_mpu_dmp_motion_driver.o(i.dmp_get_pedometer_step_count), (66 bytes).
    Removing inv_mpu_dmp_motion_driver.o(i.dmp_get_pedometer_walk_time), (72 bytes).
    Removing inv_mpu_dmp_motion_driver.o(i.dmp_load_motion_driver_firmware), (24 bytes).
    Removing inv_mpu_dmp_motion_driver.o(i.dmp_read_fifo), (460 bytes).
    Removing inv_mpu_dmp_motion_driver.o(i.dmp_register_android_orient_cb), (16 bytes).
    Removing inv_mpu_dmp_motion_driver.o(i.dmp_register_tap_cb), (16 bytes).
    Removing inv_mpu_dmp_motion_driver.o(i.dmp_set_accel_bias), (304 bytes).
    Removing inv_mpu_dmp_motion_driver.o(i.dmp_set_fifo_rate), (112 bytes).
    Removing inv_mpu_dmp_motion_driver.o(i.dmp_set_gyro_bias), (304 bytes).
    Removing inv_mpu_dmp_motion_driver.o(i.dmp_set_interrupt_mode), (92 bytes).
    Removing inv_mpu_dmp_motion_driver.o(i.dmp_set_orientation), (312 bytes).
    Removing inv_mpu_dmp_motion_driver.o(i.dmp_set_pedometer_step_count), (42 bytes).
    Removing inv_mpu_dmp_motion_driver.o(i.dmp_set_pedometer_walk_time), (48 bytes).
    Removing inv_mpu_dmp_motion_driver.o(i.dmp_set_shake_reject_thresh), (56 bytes).
    Removing inv_mpu_dmp_motion_driver.o(i.dmp_set_shake_reject_time), (38 bytes).
    Removing inv_mpu_dmp_motion_driver.o(i.dmp_set_shake_reject_timeout), (38 bytes).
    Removing inv_mpu_dmp_motion_driver.o(i.dmp_set_tap_axes), (70 bytes).
    Removing inv_mpu_dmp_motion_driver.o(i.dmp_set_tap_count), (38 bytes).
    Removing inv_mpu_dmp_motion_driver.o(i.dmp_set_tap_thresh), (416 bytes).
    Removing inv_mpu_dmp_motion_driver.o(i.dmp_set_tap_time), (38 bytes).
    Removing inv_mpu_dmp_motion_driver.o(i.dmp_set_tap_time_multi), (38 bytes).
    Removing inv_mpu_dmp_motion_driver.o(.bss), (16 bytes).
    Removing inv_mpu_dmp_motion_driver.o(.constdata), (3062 bytes).
    Removing date_analyse.o(.rev16_text), (4 bytes).
    Removing date_analyse.o(.revsh_text), (4 bytes).
    Removing date_analyse.o(i.testt), (280 bytes).
    Removing ffixi.o(.text), (50 bytes).
    Removing dscalb.o(.text), (46 bytes).
    Removing dsqrt.o(.text), (162 bytes).

388 unused section(s) (total 70285 bytes) removed from the image.

==============================================================================

Image Symbol Table

    Local Symbols

    Symbol Name                              Value     Ov Type        Size  Object(Section)

    RESET                                    0x00000000   Section     1024  startup_mk60d10.o(RESET)
    ../clib/../cmprslib/zerorunl2.c          0x00000000   Number         0  __dczerorl2.o ABSOLUTE
    ../clib/microlib/division.c              0x00000000   Number         0  uldiv.o ABSOLUTE
    ../clib/microlib/division.c              0x00000000   Number         0  uidiv.o ABSOLUTE
    ../clib/microlib/division.c              0x00000000   Number         0  ldiv.o ABSOLUTE
    ../clib/microlib/errno.c                 0x00000000   Number         0  errno.o ABSOLUTE
    ../clib/microlib/init/entry.s            0x00000000   Number         0  entry8a.o ABSOLUTE
    ../clib/microlib/init/entry.s            0x00000000   Number         0  entry9a.o ABSOLUTE
    ../clib/microlib/init/entry.s            0x00000000   Number         0  entry11b.o ABSOLUTE
    ../clib/microlib/init/entry.s            0x00000000   Number         0  entry9b.o ABSOLUTE
    ../clib/microlib/init/entry.s            0x00000000   Number         0  entry7b.o ABSOLUTE
    ../clib/microlib/init/entry.s            0x00000000   Number         0  entry7a.o ABSOLUTE
    ../clib/microlib/init/entry.s            0x00000000   Number         0  entry10a.o ABSOLUTE
    ../clib/microlib/init/entry.s            0x00000000   Number         0  entry5.o ABSOLUTE
    ../clib/microlib/init/entry.s            0x00000000   Number         0  entry10b.o ABSOLUTE
    ../clib/microlib/init/entry.s            0x00000000   Number         0  entry11a.o ABSOLUTE
    ../clib/microlib/init/entry.s            0x00000000   Number         0  entry2.o ABSOLUTE
    ../clib/microlib/init/entry.s            0x00000000   Number         0  entry8b.o ABSOLUTE
    ../clib/microlib/init/entry.s            0x00000000   Number         0  entry.o ABSOLUTE
    ../clib/microlib/longlong.c              0x00000000   Number         0  llsshr.o ABSOLUTE
    ../clib/microlib/longlong.c              0x00000000   Number         0  llushr.o ABSOLUTE
    ../clib/microlib/longlong.c              0x00000000   Number         0  llshl.o ABSOLUTE
    ../clib/microlib/malloc/malloc.c         0x00000000   Number         0  malloca.o ABSOLUTE
    ../clib/microlib/malloc/malloc.c         0x00000000   Number         0  malloc.o ABSOLUTE
    ../clib/microlib/malloc/malloc.c         0x00000000   Number         0  mallocr.o ABSOLUTE
    ../clib/microlib/malloc/malloc.c         0x00000000   Number         0  mallocra.o ABSOLUTE
    ../clib/microlib/malloc/mvars.c          0x00000000   Number         0  mvars.o ABSOLUTE
    ../clib/microlib/printf/printf.c         0x00000000   Number         0  printf8.o ABSOLUTE
    ../clib/microlib/printf/printf.c         0x00000000   Number         0  printf2.o ABSOLUTE
    ../clib/microlib/printf/printf.c         0x00000000   Number         0  printf4.o ABSOLUTE
    ../clib/microlib/printf/printf.c         0x00000000   Number         0  printfb.o ABSOLUTE
    ../clib/microlib/printf/printf.c         0x00000000   Number         0  printf0.o ABSOLUTE
    ../clib/microlib/printf/printf.c         0x00000000   Number         0  printf1.o ABSOLUTE
    ../clib/microlib/printf/printf.c         0x00000000   Number         0  printf3.o ABSOLUTE
    ../clib/microlib/printf/printf.c         0x00000000   Number         0  printf7.o ABSOLUTE
    ../clib/microlib/printf/printf.c         0x00000000   Number         0  printf5.o ABSOLUTE
    ../clib/microlib/printf/printf.c         0x00000000   Number         0  printfa.o ABSOLUTE
    ../clib/microlib/printf/printf.c         0x00000000   Number         0  printf6.o ABSOLUTE
    ../clib/microlib/printf/stubs.s          0x00000000   Number         0  stubs.o ABSOLUTE
    ../clib/microlib/stdio/streams.c         0x00000000   Number         0  stdout.o ABSOLUTE
    ../clib/microlib/string/memcmp.c         0x00000000   Number         0  memcmp.o ABSOLUTE
    ../clib/microlib/string/memcpy.c         0x00000000   Number         0  memcpya.o ABSOLUTE
    ../clib/microlib/string/memcpy.c         0x00000000   Number         0  memcpyb.o ABSOLUTE
    ../clib/microlib/string/memset.c         0x00000000   Number         0  memseta.o ABSOLUTE
    ../clib/microlib/stubs.s                 0x00000000   Number         0  iusefp.o ABSOLUTE
    ../fplib/microlib/d2f.c                  0x00000000   Number         0  d2f.o ABSOLUTE
    ../fplib/microlib/f2d.c                  0x00000000   Number         0  f2d.o ABSOLUTE
    ../fplib/microlib/fpadd.c                0x00000000   Number         0  fadd.o ABSOLUTE
    ../fplib/microlib/fpadd.c                0x00000000   Number         0  dadd.o ABSOLUTE
    ../fplib/microlib/fpdiv.c                0x00000000   Number         0  ddiv.o ABSOLUTE
    ../fplib/microlib/fpdiv.c                0x00000000   Number         0  fdiv.o ABSOLUTE
    ../fplib/microlib/fpepilogue.c           0x00000000   Number         0  depilogue.o ABSOLUTE
    ../fplib/microlib/fpepilogue.c           0x00000000   Number         0  fepilogue.o ABSOLUTE
    ../fplib/microlib/fpfix.c                0x00000000   Number         0  dfixul.o ABSOLUTE
    ../fplib/microlib/fpfix.c                0x00000000   Number         0  ffixi.o ABSOLUTE
    ../fplib/microlib/fpfix.c                0x00000000   Number         0  ffixui.o ABSOLUTE
    ../fplib/microlib/fpfix.c                0x00000000   Number         0  dfixui.o ABSOLUTE
    ../fplib/microlib/fpflt.c                0x00000000   Number         0  fflti.o ABSOLUTE
    ../fplib/microlib/fpflt.c                0x00000000   Number         0  ffltui.o ABSOLUTE
    ../fplib/microlib/fpflt.c                0x00000000   Number         0  dfltui.o ABSOLUTE
    ../fplib/microlib/fpflt.c                0x00000000   Number         0  dflti.o ABSOLUTE
    ../fplib/microlib/fpmul.c                0x00000000   Number         0  dmul.o ABSOLUTE
    ../fplib/microlib/fpmul.c                0x00000000   Number         0  fmul.o ABSOLUTE
    ../fplib/microlib/fpscalb.c              0x00000000   Number         0  dscalb.o ABSOLUTE
    ../fplib/microlib/fpsqrt.c               0x00000000   Number         0  dsqrt.o ABSOLUTE
    ../mathlib/asin.c                        0x00000000   Number         0  asin_x.o ABSOLUTE
    ../mathlib/asin.c                        0x00000000   Number         0  asin.o ABSOLUTE
    ../mathlib/atan.c                        0x00000000   Number         0  atan.o ABSOLUTE
    ../mathlib/atan.c                        0x00000000   Number         0  atan_x.o ABSOLUTE
    ../mathlib/atan2.c                       0x00000000   Number         0  atan2_x.o ABSOLUTE
    ../mathlib/atan2.c                       0x00000000   Number         0  atan2.o ABSOLUTE
    ../mathlib/dunder.c                      0x00000000   Number         0  dunder.o ABSOLUTE
    ../mathlib/fpclassify.c                  0x00000000   Number         0  fpclassify.o ABSOLUTE
    ../mathlib/poly.c                        0x00000000   Number         0  poly.o ABSOLUTE
    ../mathlib/qnan.c                        0x00000000   Number         0  qnan.o ABSOLUTE
    ../mathlib/sqrt.c                        0x00000000   Number         0  sqrt.o ABSOLUTE
    ../mathlib/sqrt.c                        0x00000000   Number         0  sqrt_x.o ABSOLUTE
    ..\..\Libraries\FatFs\diskio.c           0x00000000   Number         0  diskio.o ABSOLUTE
    ..\..\Libraries\FatFs\ff.c               0x00000000   Number         0  ff.o ABSOLUTE
    ..\..\Libraries\drives\src\MK60_adc.c    0x00000000   Number         0  mk60_adc.o ABSOLUTE
    ..\..\Libraries\drives\src\MK60_cmt.c    0x00000000   Number         0  mk60_cmt.o ABSOLUTE
    ..\..\Libraries\drives\src\MK60_dac.c    0x00000000   Number         0  mk60_dac.o ABSOLUTE
    ..\..\Libraries\drives\src\MK60_dma.c    0x00000000   Number         0  mk60_dma.o ABSOLUTE
    ..\..\Libraries\drives\src\MK60_flash.c  0x00000000   Number         0  mk60_flash.o ABSOLUTE
    ..\..\Libraries\drives\src\MK60_ftm.c    0x00000000   Number         0  mk60_ftm.o ABSOLUTE
    ..\..\Libraries\drives\src\MK60_gpio.c   0x00000000   Number         0  mk60_gpio.o ABSOLUTE
    ..\..\Libraries\drives\src\MK60_i2c.c    0x00000000   Number         0  mk60_i2c.o ABSOLUTE
    ..\..\Libraries\drives\src\MK60_lptmr.c  0x00000000   Number         0  mk60_lptmr.o ABSOLUTE
    ..\..\Libraries\drives\src\MK60_pit.c    0x00000000   Number         0  mk60_pit.o ABSOLUTE
    ..\..\Libraries\drives\src\MK60_port.c   0x00000000   Number         0  mk60_port.o ABSOLUTE
    ..\..\Libraries\drives\src\MK60_rtc.c    0x00000000   Number         0  mk60_rtc.o ABSOLUTE
    ..\..\Libraries\drives\src\MK60_sdhc.c   0x00000000   Number         0  mk60_sdhc.o ABSOLUTE
    ..\..\Libraries\drives\src\MK60_spi.c    0x00000000   Number         0  mk60_spi.o ABSOLUTE
    ..\..\Libraries\drives\src\MK60_systick.c 0x00000000   Number         0  mk60_systick.o ABSOLUTE
    ..\..\Libraries\drives\src\MK60_uart.c   0x00000000   Number         0  mk60_uart.o ABSOLUTE
    ..\..\Libraries\drives\src\MK60_wdog.c   0x00000000   Number         0  mk60_wdog.o ABSOLUTE
    ..\..\Libraries\drives\src\common.c      0x00000000   Number         0  common.o ABSOLUTE
    ..\..\Libraries\drives\src\misc.c        0x00000000   Number         0  misc.o ABSOLUTE
    ..\..\Libraries\seekfree\SEEKFREE_7725.c 0x00000000   Number         0  seekfree_7725.o ABSOLUTE
    ..\..\Libraries\seekfree\SEEKFREE_FUN.c  0x00000000   Number         0  seekfree_fun.o ABSOLUTE
    ..\..\Libraries\seekfree\SEEKFREE_IIC.c  0x00000000   Number         0  seekfree_iic.o ABSOLUTE
    ..\..\Libraries\seekfree\SEEKFREE_L3G4200D.c 0x00000000   Number         0  seekfree_l3g4200d.o ABSOLUTE
    ..\..\Libraries\seekfree\SEEKFREE_MMA8451.c 0x00000000   Number         0  seekfree_mma8451.o ABSOLUTE
    ..\..\Libraries\seekfree\SEEKFREE_MPU6050.c 0x00000000   Number         0  seekfree_mpu6050.o ABSOLUTE
    ..\..\Libraries\seekfree\SEEKFREE_MT9V032.c 0x00000000   Number         0  seekfree_mt9v032.o ABSOLUTE
    ..\..\Libraries\seekfree\SEEKFREE_NRF24L01.c 0x00000000   Number         0  seekfree_nrf24l01.o ABSOLUTE
    ..\..\Libraries\seekfree\SEEKFREE_TSL1401.c 0x00000000   Number         0  seekfree_tsl1401.o ABSOLUTE
    ..\..\Libraries\startup\DeviceSupport\MDK-ARM\startup_MK60D10.s 0x00000000   Number         0  startup_mk60d10.o ABSOLUTE
    ..\..\Libraries\startup\DeviceSupport\system_MK60.c 0x00000000   Number         0  system_mk60.o ABSOLUTE
    ..\USER\Date_analyse\Date_analyse.c      0x00000000   Number         0  date_analyse.o ABSOLUTE
    ..\USER\MPU6050\eMPL\inv_mpu.c           0x00000000   Number         0  inv_mpu.o ABSOLUTE
    ..\USER\MPU6050\eMPL\inv_mpu_dmp_motion_driver.c 0x00000000   Number         0  inv_mpu_dmp_motion_driver.o ABSOLUTE
    ..\USER\MPU6050\mpu6050.c                0x00000000   Number         0  mpu6050.o ABSOLUTE
    ..\USER\MPU6050\myiic.c                  0x00000000   Number         0  myiic.o ABSOLUTE
    ..\USER\oled\myspi.c                     0x00000000   Number         0  myspi.o ABSOLUTE
    ..\USER\oled\oled.c                      0x00000000   Number         0  oled.o ABSOLUTE
    ..\USER\src\isr.c                        0x00000000   Number         0  isr.o ABSOLUTE
    ..\USER\src\main.c                       0x00000000   Number         0  main.o ABSOLUTE
    ..\\..\\Libraries\\FatFs\\diskio.c       0x00000000   Number         0  diskio.o ABSOLUTE
    ..\\..\\Libraries\\drives\\src\\MK60_adc.c 0x00000000   Number         0  mk60_adc.o ABSOLUTE
    ..\\..\\Libraries\\drives\\src\\MK60_cmt.c 0x00000000   Number         0  mk60_cmt.o ABSOLUTE
    ..\\..\\Libraries\\drives\\src\\MK60_dac.c 0x00000000   Number         0  mk60_dac.o ABSOLUTE
    ..\\..\\Libraries\\drives\\src\\MK60_dma.c 0x00000000   Number         0  mk60_dma.o ABSOLUTE
    ..\\..\\Libraries\\drives\\src\\MK60_flash.c 0x00000000   Number         0  mk60_flash.o ABSOLUTE
    ..\\..\\Libraries\\drives\\src\\MK60_ftm.c 0x00000000   Number         0  mk60_ftm.o ABSOLUTE
    ..\\..\\Libraries\\drives\\src\\MK60_gpio.c 0x00000000   Number         0  mk60_gpio.o ABSOLUTE
    ..\\..\\Libraries\\drives\\src\\MK60_i2c.c 0x00000000   Number         0  mk60_i2c.o ABSOLUTE
    ..\\..\\Libraries\\drives\\src\\MK60_lptmr.c 0x00000000   Number         0  mk60_lptmr.o ABSOLUTE
    ..\\..\\Libraries\\drives\\src\\MK60_pit.c 0x00000000   Number         0  mk60_pit.o ABSOLUTE
    ..\\..\\Libraries\\drives\\src\\MK60_port.c 0x00000000   Number         0  mk60_port.o ABSOLUTE
    ..\\..\\Libraries\\drives\\src\\MK60_rtc.c 0x00000000   Number         0  mk60_rtc.o ABSOLUTE
    ..\\..\\Libraries\\drives\\src\\MK60_sdhc.c 0x00000000   Number         0  mk60_sdhc.o ABSOLUTE
    ..\\..\\Libraries\\drives\\src\\MK60_spi.c 0x00000000   Number         0  mk60_spi.o ABSOLUTE
    ..\\..\\Libraries\\drives\\src\\MK60_systick.c 0x00000000   Number         0  mk60_systick.o ABSOLUTE
    ..\\..\\Libraries\\drives\\src\\MK60_uart.c 0x00000000   Number         0  mk60_uart.o ABSOLUTE
    ..\\..\\Libraries\\drives\\src\\MK60_wdog.c 0x00000000   Number         0  mk60_wdog.o ABSOLUTE
    ..\\..\\Libraries\\drives\\src\\common.c 0x00000000   Number         0  common.o ABSOLUTE
    ..\\..\\Libraries\\drives\\src\\misc.c   0x00000000   Number         0  misc.o ABSOLUTE
    ..\\..\\Libraries\\seekfree\\SEEKFREE_7725.c 0x00000000   Number         0  seekfree_7725.o ABSOLUTE
    ..\\..\\Libraries\\seekfree\\SEEKFREE_FUN.c 0x00000000   Number         0  seekfree_fun.o ABSOLUTE
    ..\\..\\Libraries\\seekfree\\SEEKFREE_IIC.c 0x00000000   Number         0  seekfree_iic.o ABSOLUTE
    ..\\..\\Libraries\\seekfree\\SEEKFREE_L3G4200D.c 0x00000000   Number         0  seekfree_l3g4200d.o ABSOLUTE
    ..\\..\\Libraries\\seekfree\\SEEKFREE_MMA8451.c 0x00000000   Number         0  seekfree_mma8451.o ABSOLUTE
    ..\\..\\Libraries\\seekfree\\SEEKFREE_MPU6050.c 0x00000000   Number         0  seekfree_mpu6050.o ABSOLUTE
    ..\\..\\Libraries\\seekfree\\SEEKFREE_MT9V032.c 0x00000000   Number         0  seekfree_mt9v032.o ABSOLUTE
    ..\\..\\Libraries\\seekfree\\SEEKFREE_NRF24L01.c 0x00000000   Number         0  seekfree_nrf24l01.o ABSOLUTE
    ..\\..\\Libraries\\seekfree\\SEEKFREE_TSL1401.c 0x00000000   Number         0  seekfree_tsl1401.o ABSOLUTE
    ..\\..\\Libraries\\startup\\DeviceSupport\\system_MK60.c 0x00000000   Number         0  system_mk60.o ABSOLUTE
    ..\\USER\\Date_analyse\\Date_analyse.c   0x00000000   Number         0  date_analyse.o ABSOLUTE
    ..\\USER\\MPU6050\\eMPL\\inv_mpu.c       0x00000000   Number         0  inv_mpu.o ABSOLUTE
    ..\\USER\\MPU6050\\eMPL\\inv_mpu_dmp_motion_driver.c 0x00000000   Number         0  inv_mpu_dmp_motion_driver.o ABSOLUTE
    ..\\USER\\MPU6050\\mpu6050.c             0x00000000   Number         0  mpu6050.o ABSOLUTE
    ..\\USER\\MPU6050\\myiic.c               0x00000000   Number         0  myiic.o ABSOLUTE
    ..\\USER\\oled\\myspi.c                  0x00000000   Number         0  myspi.o ABSOLUTE
    ..\\USER\\oled\\oled.c                   0x00000000   Number         0  oled.o ABSOLUTE
    ..\\USER\\src\\isr.c                     0x00000000   Number         0  isr.o ABSOLUTE
    ..\\USER\\src\\main.c                    0x00000000   Number         0  main.o ABSOLUTE
    cdcmple.s                                0x00000000   Number         0  cdcmple.o ABSOLUTE
    cdrcmple.s                               0x00000000   Number         0  cdrcmple.o ABSOLUTE
    cfcmple.s                                0x00000000   Number         0  cfcmple.o ABSOLUTE
    cfrcmple.s                               0x00000000   Number         0  cfrcmple.o ABSOLUTE
    dc.s                                     0x00000000   Number         0  dc.o ABSOLUTE
    handlers.s                               0x00000000   Number         0  handlers.o ABSOLUTE
    init.s                                   0x00000000   Number         0  init.o ABSOLUTE
    .ARM.__at_0x400                          0x00000400   Section       16  startup_mk60d10.o(.ARM.__at_0x400)
    .ARM.Collect$$$$00000000                 0x00000410   Section        0  entry.o(.ARM.Collect$$$$00000000)
    .ARM.Collect$$$$00000001                 0x00000410   Section        4  entry2.o(.ARM.Collect$$$$00000001)
    .ARM.Collect$$$$00000004                 0x00000414   Section        4  entry5.o(.ARM.Collect$$$$00000004)
    .ARM.Collect$$$$00000008                 0x00000418   Section        0  entry7b.o(.ARM.Collect$$$$00000008)
    .ARM.Collect$$$$0000000A                 0x00000418   Section        0  entry8b.o(.ARM.Collect$$$$0000000A)
    .ARM.Collect$$$$0000000B                 0x00000418   Section        8  entry9a.o(.ARM.Collect$$$$0000000B)
    .ARM.Collect$$$$0000000D                 0x00000420   Section        0  entry10a.o(.ARM.Collect$$$$0000000D)
    .ARM.Collect$$$$0000000F                 0x00000420   Section        0  entry11a.o(.ARM.Collect$$$$0000000F)
    .ARM.Collect$$$$00002712                 0x00000420   Section        4  entry2.o(.ARM.Collect$$$$00002712)
    __lit__00000000                          0x00000420   Data           4  entry2.o(.ARM.Collect$$$$00002712)
    .text                                    0x00000424   Section       40  startup_mk60d10.o(.text)
    .text                                    0x0000044c   Section        0  memseta.o(.text)
    .text                                    0x00000470   Section        0  fadd.o(.text)
    .text                                    0x00000520   Section        0  fmul.o(.text)
    .text                                    0x00000584   Section        0  fdiv.o(.text)
    .text                                    0x00000600   Section        0  dadd.o(.text)
    .text                                    0x0000074e   Section        0  dmul.o(.text)
    .text                                    0x00000832   Section        0  ddiv.o(.text)
    .text                                    0x00000910   Section        0  fflti.o(.text)
    .text                                    0x00000922   Section        0  ffltui.o(.text)
    .text                                    0x0000092c   Section        0  dflti.o(.text)
    .text                                    0x0000094e   Section        0  dfltui.o(.text)
    .text                                    0x00000968   Section        0  ffixui.o(.text)
    .text                                    0x00000990   Section        0  dfixui.o(.text)
    .text                                    0x000009c2   Section        0  f2d.o(.text)
    .text                                    0x000009e8   Section       48  cdcmple.o(.text)
    .text                                    0x00000a18   Section       48  cdrcmple.o(.text)
    .text                                    0x00000a48   Section        0  d2f.o(.text)
    .text                                    0x00000a80   Section       20  cfcmple.o(.text)
    .text                                    0x00000a94   Section       20  cfrcmple.o(.text)
    .text                                    0x00000aa8   Section        0  uidiv.o(.text)
    .text                                    0x00000ad4   Section        0  uldiv.o(.text)
    .text                                    0x00000b36   Section        0  llshl.o(.text)
    .text                                    0x00000b54   Section        0  llushr.o(.text)
    .text                                    0x00000b74   Section        0  llsshr.o(.text)
    .text                                    0x00000b98   Section        0  fepilogue.o(.text)
    .text                                    0x00000b98   Section        0  iusefp.o(.text)
    .text                                    0x00000c06   Section        0  depilogue.o(.text)
    .text                                    0x00000cc0   Section        0  dfixul.o(.text)
    .text                                    0x00000cf0   Section       36  init.o(.text)
    .text                                    0x00000d14   Section        0  __dczerorl2.o(.text)
    i.DMA0_IRQHandler                        0x00000d6c   Section        0  isr.o(i.DMA0_IRQHandler)
    i.Disable_Wdog                           0x00000d84   Section        0  system_mk60.o(i.Disable_Wdog)
    i.EMCS_init                              0x00000da0   Section        0  date_analyse.o(i.EMCS_init)
    i.FTM_port_mux                           0x00000e0c   Section        0  mk60_ftm.o(i.FTM_port_mux)
    i.NMI_Handler                            0x00000f10   Section        0  system_mk60.o(i.NMI_Handler)
    i.NVIC_EnableIRQ                         0x00000f12   Section        0  main.o(i.NVIC_EnableIRQ)
    NVIC_EnableIRQ                           0x00000f13   Thumb Code    22  main.o(i.NVIC_EnableIRQ)
    i.NVIC_SetPriority                       0x00000f28   Section        0  main.o(i.NVIC_SetPriority)
    NVIC_SetPriority                         0x00000f29   Thumb Code    32  main.o(i.NVIC_SetPriority)
    i.OLED_Clear                             0x00000f50   Section        0  oled.o(i.OLED_Clear)
    i.OLED_DLY_ms                            0x00000f80   Section        0  oled.o(i.OLED_DLY_ms)
    i.OLED_DrawPoint                         0x00000f98   Section        0  oled.o(i.OLED_DrawPoint)
    i.OLED_Fill_s                            0x00001000   Section        0  oled.o(i.OLED_Fill_s)
    i.OLED_Init                              0x0000103c   Section        0  oled.o(i.OLED_Init)
    i.OLED_Refresh_Gram                      0x000010f8   Section        0  oled.o(i.OLED_Refresh_Gram)
    i.OLED_SPI_Init                          0x0000113c   Section        0  myspi.o(i.OLED_SPI_Init)
    i.OLED_ShowChar                          0x00001168   Section        0  oled.o(i.OLED_ShowChar)
    i.OLED_ShowNum                           0x00001274   Section        0  oled.o(i.OLED_ShowNum)
    i.OLED_ShowString                        0x00001308   Section        0  oled.o(i.OLED_ShowString)
    i.PIT0_IRQHandler                        0x00001368   Section        0  isr.o(i.PIT0_IRQHandler)
    i.PIT1_IRQHandler                        0x0000137c   Section        0  isr.o(i.PIT1_IRQHandler)
    i.PIT2_IRQHandler                        0x00001418   Section        0  isr.o(i.PIT2_IRQHandler)
    i.PORTA_IRQHandler                       0x0000160c   Section        0  isr.o(i.PORTA_IRQHandler)
    i.PORTC_IRQHandler                       0x0000161c   Section        0  isr.o(i.PORTC_IRQHandler)
    i.Read_ADC                               0x00001640   Section        0  date_analyse.o(i.Read_ADC)
    i.SPI_WriteByte                          0x00001da4   Section        0  myspi.o(i.SPI_WriteByte)
    i.SYSTEM_CLK                             0x00001df0   Section        0  system_mk60.o(i.SYSTEM_CLK)
    i.Speed_control                          0x00001ea8   Section        0  date_analyse.o(i.Speed_control)
    i.Start                                  0x00002050   Section        0  system_mk60.o(i.Start)
    i.UART3_RX_TX_IRQHandler                 0x00002078   Section        0  isr.o(i.UART3_RX_TX_IRQHandler)
    i.WriteCmd                               0x00002094   Section        0  myspi.o(i.WriteCmd)
    i.WriteData                              0x000020a2   Section        0  myspi.o(i.WriteData)
    i.__0printf                              0x000020b0   Section        0  printfa.o(i.__0printf)
    i.__scatterload_copy                     0x000020d0   Section       14  handlers.o(i.__scatterload_copy)
    i.__scatterload_null                     0x000020de   Section        2  handlers.o(i.__scatterload_null)
    i.__scatterload_zeroinit                 0x000020e0   Section       14  handlers.o(i.__scatterload_zeroinit)
    i._fp_digits                             0x000020f0   Section        0  printfa.o(i._fp_digits)
    _fp_digits                               0x000020f1   Thumb Code   334  printfa.o(i._fp_digits)
    i._printf_core                           0x00002254   Section        0  printfa.o(i._printf_core)
    _printf_core                             0x00002255   Thumb Code  1744  printfa.o(i._printf_core)
    i._printf_post_padding                   0x00002930   Section        0  printfa.o(i._printf_post_padding)
    _printf_post_padding                     0x00002931   Thumb Code    36  printfa.o(i._printf_post_padding)
    i._printf_pre_padding                    0x00002954   Section        0  printfa.o(i._printf_pre_padding)
    _printf_pre_padding                      0x00002955   Thumb Code    46  printfa.o(i._printf_pre_padding)
    i.adc_ave                                0x00002982   Section        0  mk60_adc.o(i.adc_ave)
    i.adc_init                               0x000029b8   Section        0  mk60_adc.o(i.adc_init)
    i.adc_once                               0x00002b68   Section        0  mk60_adc.o(i.adc_once)
    i.adc_start                              0x00002bb4   Section        0  mk60_adc.o(i.adc_start)
    i.direction_control                      0x00002bec   Section        0  date_analyse.o(i.direction_control)
    i.div_set                                0x00002da4   Section        0  system_mk60.o(i.div_set)
    i.dma_repeat                             0x00002df0   Section        0  seekfree_mt9v032.o(i.dma_repeat)
    dma_repeat                               0x00002df1   Thumb Code    70  seekfree_mt9v032.o(i.dma_repeat)
    i.fputc                                  0x00002e40   Section        0  mk60_uart.o(i.fputc)
    i.ftm_pwm_duty                           0x00002e54   Section        0  mk60_ftm.o(i.ftm_pwm_duty)
    i.ftm_pwm_init                           0x00002ebc   Section        0  mk60_ftm.o(i.ftm_pwm_init)
    i.ftm_quad_clean                         0x00002fd8   Section        0  mk60_ftm.o(i.ftm_quad_clean)
    i.ftm_quad_get                           0x00002fe8   Section        0  mk60_ftm.o(i.ftm_quad_get)
    i.ftm_quad_init                          0x00002ffc   Section        0  mk60_ftm.o(i.ftm_quad_init)
    i.get_clk                                0x000030d4   Section        0  common.o(i.get_clk)
    i.gpio_get                               0x00003144   Section        0  mk60_gpio.o(i.gpio_get)
    i.gpio_init                              0x00003170   Section        0  mk60_gpio.o(i.gpio_init)
    i.gpio_set                               0x00003244   Section        0  mk60_gpio.o(i.gpio_set)
    i.gpio_turn                              0x0000328c   Section        0  mk60_gpio.o(i.gpio_turn)
    i.keycan                                 0x000032b4   Section        0  main.o(i.keycan)
    i.main                                   0x00003554   Section        0  main.o(i.main)
    i.mt9v032_cof_uart_interrupt             0x00003750   Section        0  seekfree_mt9v032.o(i.mt9v032_cof_uart_interrupt)
    i.myabs                                  0x000037a0   Section        0  seekfree_fun.o(i.myabs)
    i.mypow                                  0x000037b8   Section        0  oled.o(i.mypow)
    i.pit_close                              0x000037d0   Section        0  mk60_pit.o(i.pit_close)
    i.pit_init                               0x00003800   Section        0  mk60_pit.o(i.pit_init)
    i.pit_time_get                           0x0000385c   Section        0  mk60_pit.o(i.pit_time_get)
    i.pit_time_start                         0x000038b0   Section        0  mk60_pit.o(i.pit_time_start)
    i.port_init                              0x0000390c   Section        0  mk60_port.o(i.port_init)
    i.read_ad_test                           0x00003980   Section        0  main.o(i.read_ad_test)
    i.row_finished                           0x00003aa4   Section        0  seekfree_mt9v032.o(i.row_finished)
    i.systick_delay                          0x00003af4   Section        0  mk60_systick.o(i.systick_delay)
    i.systick_delay_ms                       0x00003b20   Section        0  mk60_systick.o(i.systick_delay_ms)
    i.uart_getchar                           0x00003b44   Section        0  mk60_uart.o(i.uart_getchar)
    i.uart_init                              0x00003b68   Section        0  mk60_uart.o(i.uart_init)
    i.uart_putchar                           0x00003d64   Section        0  mk60_uart.o(i.uart_putchar)
    i.ultrasonic                             0x00003d84   Section        0  date_analyse.o(i.ultrasonic)
    .constdata                               0x00003f50   Section        8  mk60_adc.o(.constdata)
    .constdata                               0x00003f58   Section       12  mk60_ftm.o(.constdata)
    FTMX                                     0x00003f58   Data          12  mk60_ftm.o(.constdata)
    .constdata                               0x00003f64   Section       40  mk60_gpio.o(.constdata)
    PORTX                                    0x00003f64   Data          20  mk60_gpio.o(.constdata)
    GPIOX                                    0x00003f78   Data          20  mk60_gpio.o(.constdata)
    .constdata                               0x00003f8c   Section       40  mk60_port.o(.constdata)
    PORTX                                    0x00003f8c   Data          20  mk60_port.o(.constdata)
    GPIOX                                    0x00003fa0   Data          20  mk60_port.o(.constdata)
    .constdata                               0x00003fb4   Section     6080  oled.o(.constdata)
    .data                                    0x1fff0000   Section       12  common.o(.data)
    .data                                    0x1fff000c   Section        8  mk60_ftm.o(.data)
    .data                                    0x1fff0014   Section       24  mk60_uart.o(.data)
    .data                                    0x1fff002c   Section        3  isr.o(.data)
    TimeCountTurn                            0x1fff002c   Data           1  isr.o(.data)
    TimeCountSpeed                           0x1fff002d   Data           1  isr.o(.data)
    TimeCountWave                            0x1fff002e   Data           1  isr.o(.data)
    .data                                    0x1fff0030   Section      108  main.o(.data)
    .data                                    0x1fff009c   Section       77  seekfree_mt9v032.o(.data)
    .data                                    0x1fff00ec   Section      113  date_analyse.o(.data)
    Turn_error_last                          0x1fff014c   Data           4  date_analyse.o(.data)
    Speed_error_last                         0x1fff0150   Data           4  date_analyse.o(.data)
    Speed_error_last_last                    0x1fff0154   Data           4  date_analyse.o(.data)
    Speed_control_out_Last                   0x1fff0158   Data           4  date_analyse.o(.data)
    Ultrasonic_num                           0x1fff015c   Data           1  date_analyse.o(.data)
    .data                                    0x1fff0160   Section        4  stdout.o(.data)
    .bss                                     0x1fff0164   Section     8192  oled.o(.bss)
    .bss                                     0x1fff2164   Section    22560  seekfree_mt9v032.o(.bss)
    .bss                                     0x1fff7984   Section      356  date_analyse.o(.bss)
    Ultrasonic                               0x1fff7ad0   Data          24  date_analyse.o(.bss)
    STACK                                    0x1fff7ae8   Section     4096  startup_mk60d10.o(STACK)

    Global Symbols

    Symbol Name                              Value     Ov Type        Size  Object(Section)

    BuildAttributes$$THM_ISAv4$E$P$D$K$B$S$7EM$PE$A:L22UL41UL21$X:L11$S22US41US21$IEEE1$IW$USESV6$~STKCKD$USESV7$~SHL$OTIME$ROPI$IEEEX$EBA8$MICROLIB$REQ8$PRES8$EABIv2 0x00000000   Number         0  anon$$obj.o ABSOLUTE
    __ARM_use_no_argv                        0x00000000   Number         0  main.o ABSOLUTE
    __Vectors                                0x00000000   Data           4  startup_mk60d10.o(RESET)
    _printf_a                                0x00000000   Number         0  stubs.o ABSOLUTE
    _printf_c                                0x00000000   Number         0  stubs.o ABSOLUTE
    _printf_charcount                        0x00000000   Number         0  stubs.o ABSOLUTE
    _printf_d                                0x00000000   Number         0  stubs.o ABSOLUTE
    _printf_e                                0x00000000   Number         0  stubs.o ABSOLUTE
    _printf_f                                0x00000000   Number         0  stubs.o ABSOLUTE
    _printf_flags                            0x00000000   Number         0  stubs.o ABSOLUTE
    _printf_fp_dec                           0x00000000   Number         0  stubs.o ABSOLUTE
    _printf_fp_hex                           0x00000000   Number         0  stubs.o ABSOLUTE
    _printf_g                                0x00000000   Number         0  stubs.o ABSOLUTE
    _printf_i                                0x00000000   Number         0  stubs.o ABSOLUTE
    _printf_int_dec                          0x00000000   Number         0  stubs.o ABSOLUTE
    _printf_l                                0x00000000   Number         0  stubs.o ABSOLUTE
    _printf_lc                               0x00000000   Number         0  stubs.o ABSOLUTE
    _printf_ll                               0x00000000   Number         0  stubs.o ABSOLUTE
    _printf_lld                              0x00000000   Number         0  stubs.o ABSOLUTE
    _printf_lli                              0x00000000   Number         0  stubs.o ABSOLUTE
    _printf_llo                              0x00000000   Number         0  stubs.o ABSOLUTE
    _printf_llu                              0x00000000   Number         0  stubs.o ABSOLUTE
    _printf_llx                              0x00000000   Number         0  stubs.o ABSOLUTE
    _printf_longlong_dec                     0x00000000   Number         0  stubs.o ABSOLUTE
    _printf_longlong_hex                     0x00000000   Number         0  stubs.o ABSOLUTE
    _printf_longlong_oct                     0x00000000   Number         0  stubs.o ABSOLUTE
    _printf_ls                               0x00000000   Number         0  stubs.o ABSOLUTE
    _printf_mbtowc                           0x00000000   Number         0  stubs.o ABSOLUTE
    _printf_n                                0x00000000   Number         0  stubs.o ABSOLUTE
    _printf_o                                0x00000000   Number         0  stubs.o ABSOLUTE
    _printf_p                                0x00000000   Number         0  stubs.o ABSOLUTE
    _printf_percent                          0x00000000   Number         0  stubs.o ABSOLUTE
    _printf_pre_padding                      0x00000000   Number         0  stubs.o ABSOLUTE
    _printf_return_value                     0x00000000   Number         0  stubs.o ABSOLUTE
    _printf_s                                0x00000000   Number         0  stubs.o ABSOLUTE
    _printf_sizespec                         0x00000000   Number         0  stubs.o ABSOLUTE
    _printf_str                              0x00000000   Number         0  stubs.o ABSOLUTE
    _printf_truncate_signed                  0x00000000   Number         0  stubs.o ABSOLUTE
    _printf_truncate_unsigned                0x00000000   Number         0  stubs.o ABSOLUTE
    _printf_u                                0x00000000   Number         0  stubs.o ABSOLUTE
    _printf_wc                               0x00000000   Number         0  stubs.o ABSOLUTE
    _printf_wctomb                           0x00000000   Number         0  stubs.o ABSOLUTE
    _printf_widthprec                        0x00000000   Number         0  stubs.o ABSOLUTE
    _printf_x                                0x00000000   Number         0  stubs.o ABSOLUTE
    __cpp_initialize__aeabi_                  - Undefined Weak Reference
    __cxa_finalize                            - Undefined Weak Reference
    _clock_init                               - Undefined Weak Reference
    _microlib_exit                            - Undefined Weak Reference
    __Vectors_End                            0x00000400   Data           0  startup_mk60d10.o(RESET)
    __Vectors_Size                           0x00000400   Number         0  startup_mk60d10.o ABSOLUTE
    __main                                   0x00000411   Thumb Code     0  entry.o(.ARM.Collect$$$$00000000)
    _main_stk                                0x00000411   Thumb Code     0  entry2.o(.ARM.Collect$$$$00000001)
    _main_scatterload                        0x00000415   Thumb Code     0  entry5.o(.ARM.Collect$$$$00000004)
    __main_after_scatterload                 0x00000419   Thumb Code     0  entry5.o(.ARM.Collect$$$$00000004)
    _main_clock                              0x00000419   Thumb Code     0  entry7b.o(.ARM.Collect$$$$00000008)
    _main_cpp_init                           0x00000419   Thumb Code     0  entry8b.o(.ARM.Collect$$$$0000000A)
    _main_init                               0x00000419   Thumb Code     0  entry9a.o(.ARM.Collect$$$$0000000B)
    __rt_final_cpp                           0x00000421   Thumb Code     0  entry10a.o(.ARM.Collect$$$$0000000D)
    __rt_final_exit                          0x00000421   Thumb Code     0  entry11a.o(.ARM.Collect$$$$0000000F)
    Reset_Handler                            0x00000425   Thumb Code    12  startup_mk60d10.o(.text)
    HardFault_Handler                        0x00000433   Thumb Code     2  startup_mk60d10.o(.text)
    MemManage_Handler                        0x00000435   Thumb Code     2  startup_mk60d10.o(.text)
    BusFault_Handler                         0x00000437   Thumb Code     2  startup_mk60d10.o(.text)
    UsageFault_Handler                       0x00000439   Thumb Code     2  startup_mk60d10.o(.text)
    SVC_Handler                              0x0000043b   Thumb Code     2  startup_mk60d10.o(.text)
    DebugMon_Handler                         0x0000043d   Thumb Code     2  startup_mk60d10.o(.text)
    PendSV_Handler                           0x0000043f   Thumb Code     2  startup_mk60d10.o(.text)
    SysTick_Handler                          0x00000441   Thumb Code     2  startup_mk60d10.o(.text)
    ADC0_IRQHandler                          0x00000443   Thumb Code     0  startup_mk60d10.o(.text)
    ADC1_IRQHandler                          0x00000443   Thumb Code     0  startup_mk60d10.o(.text)
    CAN0_Bus_Off_IRQHandler                  0x00000443   Thumb Code     0  startup_mk60d10.o(.text)
    CAN0_Error_IRQHandler                    0x00000443   Thumb Code     0  startup_mk60d10.o(.text)
    CAN0_ORed_Message_buffer_IRQHandler      0x00000443   Thumb Code     0  startup_mk60d10.o(.text)
    CAN0_Rx_Warning_IRQHandler               0x00000443   Thumb Code     0  startup_mk60d10.o(.text)
    CAN0_Tx_Warning_IRQHandler               0x00000443   Thumb Code     0  startup_mk60d10.o(.text)
    CAN0_Wake_Up_IRQHandler                  0x00000443   Thumb Code     0  startup_mk60d10.o(.text)
    CAN1_Bus_Off_IRQHandler                  0x00000443   Thumb Code     0  startup_mk60d10.o(.text)
    CAN1_Error_IRQHandler                    0x00000443   Thumb Code     0  startup_mk60d10.o(.text)
    CAN1_ORed_Message_buffer_IRQHandler      0x00000443   Thumb Code     0  startup_mk60d10.o(.text)
    CAN1_Rx_Warning_IRQHandler               0x00000443   Thumb Code     0  startup_mk60d10.o(.text)
    CAN1_Tx_Warning_IRQHandler               0x00000443   Thumb Code     0  startup_mk60d10.o(.text)
    CAN1_Wake_Up_IRQHandler                  0x00000443   Thumb Code     0  startup_mk60d10.o(.text)
    CMP0_IRQHandler                          0x00000443   Thumb Code     0  startup_mk60d10.o(.text)
    CMP1_IRQHandler                          0x00000443   Thumb Code     0  startup_mk60d10.o(.text)
    CMP2_IRQHandler                          0x00000443   Thumb Code     0  startup_mk60d10.o(.text)
    CMT_IRQHandler                           0x00000443   Thumb Code     0  startup_mk60d10.o(.text)
    DAC0_IRQHandler                          0x00000443   Thumb Code     0  startup_mk60d10.o(.text)
    DAC1_IRQHandler                          0x00000443   Thumb Code     0  startup_mk60d10.o(.text)
    DMA10_IRQHandler                         0x00000443   Thumb Code     0  startup_mk60d10.o(.text)
    DMA11_IRQHandler                         0x00000443   Thumb Code     0  startup_mk60d10.o(.text)
    DMA12_IRQHandler                         0x00000443   Thumb Code     0  startup_mk60d10.o(.text)
    DMA13_IRQHandler                         0x00000443   Thumb Code     0  startup_mk60d10.o(.text)
    DMA14_IRQHandler                         0x00000443   Thumb Code     0  startup_mk60d10.o(.text)
    DMA15_IRQHandler                         0x00000443   Thumb Code     0  startup_mk60d10.o(.text)
    DMA1_IRQHandler                          0x00000443   Thumb Code     0  startup_mk60d10.o(.text)
    DMA2_IRQHandler                          0x00000443   Thumb Code     0  startup_mk60d10.o(.text)
    DMA3_IRQHandler                          0x00000443   Thumb Code     0  startup_mk60d10.o(.text)
    DMA4_IRQHandler                          0x00000443   Thumb Code     0  startup_mk60d10.o(.text)
    DMA5_IRQHandler                          0x00000443   Thumb Code     0  startup_mk60d10.o(.text)
    DMA6_IRQHandler                          0x00000443   Thumb Code     0  startup_mk60d10.o(.text)
    DMA7_IRQHandler                          0x00000443   Thumb Code     0  startup_mk60d10.o(.text)
    DMA8_IRQHandler                          0x00000443   Thumb Code     0  startup_mk60d10.o(.text)
    DMA9_IRQHandler                          0x00000443   Thumb Code     0  startup_mk60d10.o(.text)
    DMA_Error_IRQHandler                     0x00000443   Thumb Code     0  startup_mk60d10.o(.text)
    DefaultISR                               0x00000443   Thumb Code     0  startup_mk60d10.o(.text)
    ENET_1588_Timer_IRQHandler               0x00000443   Thumb Code     0  startup_mk60d10.o(.text)
    ENET_Error_IRQHandler                    0x00000443   Thumb Code     0  startup_mk60d10.o(.text)
    ENET_Receive_IRQHandler                  0x00000443   Thumb Code     0  startup_mk60d10.o(.text)
    ENET_Transmit_IRQHandler                 0x00000443   Thumb Code     0  startup_mk60d10.o(.text)
    FTFL_IRQHandler                          0x00000443   Thumb Code     0  startup_mk60d10.o(.text)
    FTM0_IRQHandler                          0x00000443   Thumb Code     0  startup_mk60d10.o(.text)
    FTM1_IRQHandler                          0x00000443   Thumb Code     0  startup_mk60d10.o(.text)
    FTM2_IRQHandler                          0x00000443   Thumb Code     0  startup_mk60d10.o(.text)
    I2C0_IRQHandler                          0x00000443   Thumb Code     0  startup_mk60d10.o(.text)
    I2C1_IRQHandler                          0x00000443   Thumb Code     0  startup_mk60d10.o(.text)
    I2S0_Rx_IRQHandler                       0x00000443   Thumb Code     0  startup_mk60d10.o(.text)
    I2S0_Tx_IRQHandler                       0x00000443   Thumb Code     0  startup_mk60d10.o(.text)
    LLW_IRQHandler                           0x00000443   Thumb Code     0  startup_mk60d10.o(.text)
    LPTimer_IRQHandler                       0x00000443   Thumb Code     0  startup_mk60d10.o(.text)
    LVD_LVW_IRQHandler                       0x00000443   Thumb Code     0  startup_mk60d10.o(.text)
    MCG_IRQHandler                           0x00000443   Thumb Code     0  startup_mk60d10.o(.text)
    MCM_IRQHandler                           0x00000443   Thumb Code     0  startup_mk60d10.o(.text)
    PDB0_IRQHandler                          0x00000443   Thumb Code     0  startup_mk60d10.o(.text)
    PIT3_IRQHandler                          0x00000443   Thumb Code     0  startup_mk60d10.o(.text)
    PORTB_IRQHandler                         0x00000443   Thumb Code     0  startup_mk60d10.o(.text)
    PORTD_IRQHandler                         0x00000443   Thumb Code     0  startup_mk60d10.o(.text)
    PORTE_IRQHandler                         0x00000443   Thumb Code     0  startup_mk60d10.o(.text)
    RNG_IRQHandler                           0x00000443   Thumb Code     0  startup_mk60d10.o(.text)
    RTC_IRQHandler                           0x00000443   Thumb Code     0  startup_mk60d10.o(.text)
    RTC_Seconds_IRQHandler                   0x00000443   Thumb Code     0  startup_mk60d10.o(.text)
    Read_Collision_IRQHandler                0x00000443   Thumb Code     0  startup_mk60d10.o(.text)
    Reserved102_IRQHandler                   0x00000443   Thumb Code     0  startup_mk60d10.o(.text)
    Reserved108_IRQHandler                   0x00000443   Thumb Code     0  startup_mk60d10.o(.text)
    Reserved109_IRQHandler                   0x00000443   Thumb Code     0  startup_mk60d10.o(.text)
    Reserved111_IRQHandler                   0x00000443   Thumb Code     0  startup_mk60d10.o(.text)
    Reserved112_IRQHandler                   0x00000443   Thumb Code     0  startup_mk60d10.o(.text)
    Reserved113_IRQHandler                   0x00000443   Thumb Code     0  startup_mk60d10.o(.text)
    Reserved114_IRQHandler                   0x00000443   Thumb Code     0  startup_mk60d10.o(.text)
    Reserved115_IRQHandler                   0x00000443   Thumb Code     0  startup_mk60d10.o(.text)
    Reserved116_IRQHandler                   0x00000443   Thumb Code     0  startup_mk60d10.o(.text)
    Reserved117_IRQHandler                   0x00000443   Thumb Code     0  startup_mk60d10.o(.text)
    Reserved118_IRQHandler                   0x00000443   Thumb Code     0  startup_mk60d10.o(.text)
    Reserved119_IRQHandler                   0x00000443   Thumb Code     0  startup_mk60d10.o(.text)
    Reserved59_IRQHandler                    0x00000443   Thumb Code     0  startup_mk60d10.o(.text)
    Reserved95_IRQHandler                    0x00000443   Thumb Code     0  startup_mk60d10.o(.text)
    SDHC_IRQHandler                          0x00000443   Thumb Code     0  startup_mk60d10.o(.text)
    SPI0_IRQHandler                          0x00000443   Thumb Code     0  startup_mk60d10.o(.text)
    SPI1_IRQHandler                          0x00000443   Thumb Code     0  startup_mk60d10.o(.text)
    SPI2_IRQHandler                          0x00000443   Thumb Code     0  startup_mk60d10.o(.text)
    SWI_IRQHandler                           0x00000443   Thumb Code     0  startup_mk60d10.o(.text)
    TSI0_IRQHandler                          0x00000443   Thumb Code     0  startup_mk60d10.o(.text)
    UART0_ERR_IRQHandler                     0x00000443   Thumb Code     0  startup_mk60d10.o(.text)
    UART0_LON_IRQHandler                     0x00000443   Thumb Code     0  startup_mk60d10.o(.text)
    UART0_RX_TX_IRQHandler                   0x00000443   Thumb Code     0  startup_mk60d10.o(.text)
    UART1_ERR_IRQHandler                     0x00000443   Thumb Code     0  startup_mk60d10.o(.text)
    UART1_RX_TX_IRQHandler                   0x00000443   Thumb Code     0  startup_mk60d10.o(.text)
    UART2_ERR_IRQHandler                     0x00000443   Thumb Code     0  startup_mk60d10.o(.text)
    UART2_RX_TX_IRQHandler                   0x00000443   Thumb Code     0  startup_mk60d10.o(.text)
    UART3_ERR_IRQHandler                     0x00000443   Thumb Code     0  startup_mk60d10.o(.text)
    UART4_ERR_IRQHandler                     0x00000443   Thumb Code     0  startup_mk60d10.o(.text)
    UART4_RX_TX_IRQHandler                   0x00000443   Thumb Code     0  startup_mk60d10.o(.text)
    UART5_ERR_IRQHandler                     0x00000443   Thumb Code     0  startup_mk60d10.o(.text)
    UART5_RX_TX_IRQHandler                   0x00000443   Thumb Code     0  startup_mk60d10.o(.text)
    USB0_IRQHandler                          0x00000443   Thumb Code     0  startup_mk60d10.o(.text)
    USBDCD_IRQHandler                        0x00000443   Thumb Code     0  startup_mk60d10.o(.text)
    Watchdog_IRQHandler                      0x00000443   Thumb Code     0  startup_mk60d10.o(.text)
    __aeabi_memset                           0x0000044d   Thumb Code    14  memseta.o(.text)
    __aeabi_memset4                          0x0000044d   Thumb Code     0  memseta.o(.text)
    __aeabi_memset8                          0x0000044d   Thumb Code     0  memseta.o(.text)
    __aeabi_memclr                           0x0000045b   Thumb Code     4  memseta.o(.text)
    __aeabi_memclr4                          0x0000045b   Thumb Code     0  memseta.o(.text)
    __aeabi_memclr8                          0x0000045b   Thumb Code     0  memseta.o(.text)
    _memset$wrapper                          0x0000045f   Thumb Code    18  memseta.o(.text)
    __aeabi_fadd                             0x00000471   Thumb Code   164  fadd.o(.text)
    __aeabi_fsub                             0x00000515   Thumb Code     6  fadd.o(.text)
    __aeabi_frsub                            0x0000051b   Thumb Code     6  fadd.o(.text)
    __aeabi_fmul                             0x00000521   Thumb Code   100  fmul.o(.text)
    __aeabi_fdiv                             0x00000585   Thumb Code   124  fdiv.o(.text)
    __aeabi_dadd                             0x00000601   Thumb Code   322  dadd.o(.text)
    __aeabi_dsub                             0x00000743   Thumb Code     6  dadd.o(.text)
    __aeabi_drsub                            0x00000749   Thumb Code     6  dadd.o(.text)
    __aeabi_dmul                             0x0000074f   Thumb Code   228  dmul.o(.text)
    __aeabi_ddiv                             0x00000833   Thumb Code   222  ddiv.o(.text)
    __aeabi_i2f                              0x00000911   Thumb Code    18  fflti.o(.text)
    __aeabi_ui2f                             0x00000923   Thumb Code    10  ffltui.o(.text)
    __aeabi_i2d                              0x0000092d   Thumb Code    34  dflti.o(.text)
    __aeabi_ui2d                             0x0000094f   Thumb Code    26  dfltui.o(.text)
    __aeabi_f2uiz                            0x00000969   Thumb Code    40  ffixui.o(.text)
    __aeabi_d2uiz                            0x00000991   Thumb Code    50  dfixui.o(.text)
    __aeabi_f2d                              0x000009c3   Thumb Code    38  f2d.o(.text)
    __aeabi_cdcmpeq                          0x000009e9   Thumb Code     0  cdcmple.o(.text)
    __aeabi_cdcmple                          0x000009e9   Thumb Code    48  cdcmple.o(.text)
    __aeabi_cdrcmple                         0x00000a19   Thumb Code    48  cdrcmple.o(.text)
    __aeabi_d2f                              0x00000a49   Thumb Code    56  d2f.o(.text)
    __aeabi_cfcmpeq                          0x00000a81   Thumb Code     0  cfcmple.o(.text)
    __aeabi_cfcmple                          0x00000a81   Thumb Code    20  cfcmple.o(.text)
    __aeabi_cfrcmple                         0x00000a95   Thumb Code    20  cfrcmple.o(.text)
    __aeabi_uidiv                            0x00000aa9   Thumb Code     0  uidiv.o(.text)
    __aeabi_uidivmod                         0x00000aa9   Thumb Code    44  uidiv.o(.text)
    __aeabi_uldivmod                         0x00000ad5   Thumb Code    98  uldiv.o(.text)
    __aeabi_llsl                             0x00000b37   Thumb Code    30  llshl.o(.text)
    _ll_shift_l                              0x00000b37   Thumb Code     0  llshl.o(.text)
    __aeabi_llsr                             0x00000b55   Thumb Code    32  llushr.o(.text)
    _ll_ushift_r                             0x00000b55   Thumb Code     0  llushr.o(.text)
    __aeabi_lasr                             0x00000b75   Thumb Code    36  llsshr.o(.text)
    _ll_sshift_r                             0x00000b75   Thumb Code     0  llsshr.o(.text)
    __I$use$fp                               0x00000b99   Thumb Code     0  iusefp.o(.text)
    _float_round                             0x00000b99   Thumb Code    18  fepilogue.o(.text)
    _float_epilogue                          0x00000bab   Thumb Code    92  fepilogue.o(.text)
    _double_round                            0x00000c07   Thumb Code    30  depilogue.o(.text)
    _double_epilogue                         0x00000c25   Thumb Code   156  depilogue.o(.text)
    __aeabi_d2ulz                            0x00000cc1   Thumb Code    48  dfixul.o(.text)
    __scatterload                            0x00000cf1   Thumb Code    28  init.o(.text)
    __scatterload_rt2                        0x00000cf1   Thumb Code     0  init.o(.text)
    __decompress                             0x00000d15   Thumb Code     0  __dczerorl2.o(.text)
    __decompress1                            0x00000d15   Thumb Code    86  __dczerorl2.o(.text)
    DMA0_IRQHandler                          0x00000d6d   Thumb Code    20  isr.o(i.DMA0_IRQHandler)
    Disable_Wdog                             0x00000d85   Thumb Code    22  system_mk60.o(i.Disable_Wdog)
    EMCS_init                                0x00000da1   Thumb Code   102  date_analyse.o(i.EMCS_init)
    FTM_port_mux                             0x00000e0d   Thumb Code   254  mk60_ftm.o(i.FTM_port_mux)
    NMI_Handler                              0x00000f11   Thumb Code     2  system_mk60.o(i.NMI_Handler)
    OLED_Clear                               0x00000f51   Thumb Code    42  oled.o(i.OLED_Clear)
    OLED_DLY_ms                              0x00000f81   Thumb Code    24  oled.o(i.OLED_DLY_ms)
    OLED_DrawPoint                           0x00000f99   Thumb Code   100  oled.o(i.OLED_DrawPoint)
    OLED_Fill_s                              0x00001001   Thumb Code    58  oled.o(i.OLED_Fill_s)
    OLED_Init                                0x0000103d   Thumb Code   184  oled.o(i.OLED_Init)
    OLED_Refresh_Gram                        0x000010f9   Thumb Code    62  oled.o(i.OLED_Refresh_Gram)
    OLED_SPI_Init                            0x0000113d   Thumb Code    44  myspi.o(i.OLED_SPI_Init)
    OLED_ShowChar                            0x00001169   Thumb Code   254  oled.o(i.OLED_ShowChar)
    OLED_ShowNum                             0x00001275   Thumb Code   148  oled.o(i.OLED_ShowNum)
    OLED_ShowString                          0x00001309   Thumb Code    94  oled.o(i.OLED_ShowString)
    PIT0_IRQHandler                          0x00001369   Thumb Code    14  isr.o(i.PIT0_IRQHandler)
    PIT1_IRQHandler                          0x0000137d   Thumb Code   112  isr.o(i.PIT1_IRQHandler)
    PIT2_IRQHandler                          0x00001419   Thumb Code   424  isr.o(i.PIT2_IRQHandler)
    PORTA_IRQHandler                         0x0000160d   Thumb Code    10  isr.o(i.PORTA_IRQHandler)
    PORTC_IRQHandler                         0x0000161d   Thumb Code    32  isr.o(i.PORTC_IRQHandler)
    Read_ADC                                 0x00001641   Thumb Code  1832  date_analyse.o(i.Read_ADC)
    SPI_WriteByte                            0x00001da5   Thumb Code    70  myspi.o(i.SPI_WriteByte)
    SYSTEM_CLK                               0x00001df1   Thumb Code   170  system_mk60.o(i.SYSTEM_CLK)
    Speed_control                            0x00001ea9   Thumb Code   374  date_analyse.o(i.Speed_control)
    Start                                    0x00002051   Thumb Code    34  system_mk60.o(i.Start)
    UART3_RX_TX_IRQHandler                   0x00002079   Thumb Code    22  isr.o(i.UART3_RX_TX_IRQHandler)
    WriteCmd                                 0x00002095   Thumb Code    14  myspi.o(i.WriteCmd)
    WriteData                                0x000020a3   Thumb Code    14  myspi.o(i.WriteData)
    __0printf                                0x000020b1   Thumb Code    22  printfa.o(i.__0printf)
    __1printf                                0x000020b1   Thumb Code     0  printfa.o(i.__0printf)
    __2printf                                0x000020b1   Thumb Code     0  printfa.o(i.__0printf)
    __c89printf                              0x000020b1   Thumb Code     0  printfa.o(i.__0printf)
    printf                                   0x000020b1   Thumb Code     0  printfa.o(i.__0printf)
    __scatterload_copy                       0x000020d1   Thumb Code    14  handlers.o(i.__scatterload_copy)
    __scatterload_null                       0x000020df   Thumb Code     2  handlers.o(i.__scatterload_null)
    __scatterload_zeroinit                   0x000020e1   Thumb Code    14  handlers.o(i.__scatterload_zeroinit)
    adc_ave                                  0x00002983   Thumb Code    54  mk60_adc.o(i.adc_ave)
    adc_init                                 0x000029b9   Thumb Code   426  mk60_adc.o(i.adc_init)
    adc_once                                 0x00002b69   Thumb Code    70  mk60_adc.o(i.adc_once)
    adc_start                                0x00002bb5   Thumb Code    52  mk60_adc.o(i.adc_start)
    direction_control                        0x00002bed   Thumb Code   318  date_analyse.o(i.direction_control)
    div_set                                  0x00002da5   Thumb Code    60  system_mk60.o(i.div_set)
    fputc                                    0x00002e41   Thumb Code    18  mk60_uart.o(i.fputc)
    ftm_pwm_duty                             0x00002e55   Thumb Code    96  mk60_ftm.o(i.ftm_pwm_duty)
    ftm_pwm_init                             0x00002ebd   Thumb Code   270  mk60_ftm.o(i.ftm_pwm_init)
    ftm_quad_clean                           0x00002fd9   Thumb Code    12  mk60_ftm.o(i.ftm_quad_clean)
    ftm_quad_get                             0x00002fe9   Thumb Code    14  mk60_ftm.o(i.ftm_quad_get)
    ftm_quad_init                            0x00002ffd   Thumb Code   208  mk60_ftm.o(i.ftm_quad_init)
    get_clk                                  0x000030d5   Thumb Code    92  common.o(i.get_clk)
    gpio_get                                 0x00003145   Thumb Code    38  mk60_gpio.o(i.gpio_get)
    gpio_init                                0x00003171   Thumb Code   200  mk60_gpio.o(i.gpio_init)
    gpio_set                                 0x00003245   Thumb Code    66  mk60_gpio.o(i.gpio_set)
    gpio_turn                                0x0000328d   Thumb Code    34  mk60_gpio.o(i.gpio_turn)
    keycan                                   0x000032b5   Thumb Code   562  main.o(i.keycan)
    main                                     0x00003555   Thumb Code   446  main.o(i.main)
    mt9v032_cof_uart_interrupt               0x00003751   Thumb Code    68  seekfree_mt9v032.o(i.mt9v032_cof_uart_interrupt)
    myabs                                    0x000037a1   Thumb Code    24  seekfree_fun.o(i.myabs)
    mypow                                    0x000037b9   Thumb Code    22  oled.o(i.mypow)
    pit_close                                0x000037d1   Thumb Code    42  mk60_pit.o(i.pit_close)
    pit_init                                 0x00003801   Thumb Code    78  mk60_pit.o(i.pit_init)
    pit_time_get                             0x0000385d   Thumb Code    78  mk60_pit.o(i.pit_time_get)
    pit_time_start                           0x000038b1   Thumb Code    80  mk60_pit.o(i.pit_time_start)
    port_init                                0x0000390d   Thumb Code   102  mk60_port.o(i.port_init)
    read_ad_test                             0x00003981   Thumb Code   256  main.o(i.read_ad_test)
    row_finished                             0x00003aa5   Thumb Code    64  seekfree_mt9v032.o(i.row_finished)
    systick_delay                            0x00003af5   Thumb Code    44  mk60_systick.o(i.systick_delay)
    systick_delay_ms                         0x00003b21   Thumb Code    32  mk60_systick.o(i.systick_delay_ms)
    uart_getchar                             0x00003b45   Thumb Code    30  mk60_uart.o(i.uart_getchar)
    uart_init                                0x00003b69   Thumb Code   486  mk60_uart.o(i.uart_init)
    uart_putchar                             0x00003d65   Thumb Code    28  mk60_uart.o(i.uart_putchar)
    ultrasonic                               0x00003d85   Thumb Code   354  date_analyse.o(i.ultrasonic)
    ADCX                                     0x00003f50   Data           8  mk60_adc.o(.constdata)
    asc2_1206                                0x00003fb4   Data        1140  oled.o(.constdata)
    asc2_1608                                0x00004428   Data        1520  oled.o(.constdata)
    asc2_2412                                0x00004a18   Data        3420  oled.o(.constdata)
    Region$$Table$$Base                      0x00005774   Number         0  anon$$obj.o(Region$$Table)
    Region$$Table$$Limit                     0x00005794   Number         0  anon$$obj.o(Region$$Table)
    mcgout_clk_mhz                           0x1fff0000   Data           4  common.o(.data)
    core_clk_mhz                             0x1fff0004   Data           4  common.o(.data)
    bus_clk_mhz                              0x1fff0008   Data           4  common.o(.data)
    period                                   0x1fff000c   Data           8  mk60_ftm.o(.data)
    uart                                     0x1fff0014   Data          24  mk60_uart.o(.data)
    beishu                                   0x1fff0030   Data           1  main.o(.data)
    l                                        0x1fff0034   Data           4  main.o(.data)
    Speed_Set                                0x1fff0038   Data           2  main.o(.data)
    pitch                                    0x1fff003c   Data           4  main.o(.data)
    roll                                     0x1fff0040   Data           4  main.o(.data)
    yaw                                      0x1fff0044   Data           4  main.o(.data)
    aacx                                     0x1fff0048   Data           2  main.o(.data)
    aacy                                     0x1fff004a   Data           2  main.o(.data)
    aacz                                     0x1fff004c   Data           2  main.o(.data)
    gyrox                                    0x1fff004e   Data           2  main.o(.data)
    gyroy                                    0x1fff0050   Data           2  main.o(.data)
    gyroz                                    0x1fff0052   Data           2  main.o(.data)
    temp                                     0x1fff0054   Data           4  main.o(.data)
    acce_val_x                               0x1fff0058   Data           4  main.o(.data)
    acce_val_y                               0x1fff005c   Data           4  main.o(.data)
    acce_val_z                               0x1fff0060   Data           4  main.o(.data)
    TIME1flag_1ms                            0x1fff0064   Data           1  main.o(.data)
    TIME1flag_20ms                           0x1fff0065   Data           1  main.o(.data)
    Spe_Kp                                   0x1fff0068   Data           4  main.o(.data)
    Spe_Ki                                   0x1fff006c   Data           4  main.o(.data)
    Spe_Kd                                   0x1fff0070   Data           4  main.o(.data)
    Spe_gears                                0x1fff0074   Data           4  main.o(.data)
    SpeedPID_Set                             0x1fff0078   Data           4  main.o(.data)
    SpeedPID_Set_max                         0x1fff007c   Data           2  main.o(.data)
    SpeedPID_Set_min                         0x1fff007e   Data           2  main.o(.data)
    SpeedPID_Set_max_num                     0x1fff0080   Data           4  main.o(.data)
    SpeedPID_Set_min_num                     0x1fff0084   Data           4  main.o(.data)
    Turn_error                               0x1fff0088   Data           4  main.o(.data)
    Turn_error_later                         0x1fff008c   Data           4  main.o(.data)
    duoji                                    0x1fff0090   Data           2  main.o(.data)
    duty_test                                0x1fff0092   Data           2  main.o(.data)
    Dir_Kp                                   0x1fff0094   Data           2  main.o(.data)
    Dir_Kd                                   0x1fff0096   Data           2  main.o(.data)
    RightAngle_Dir_Kp                        0x1fff0098   Data           4  main.o(.data)
    receive                                  0x1fff009c   Data           3  seekfree_mt9v032.o(.data)
    receive_num                              0x1fff009f   Data           1  seekfree_mt9v032.o(.data)
    uart_receive_flag                        0x1fff00a0   Data           1  seekfree_mt9v032.o(.data)
    MT9V032_CFG                              0x1fff00a2   Data          36  seekfree_mt9v032.o(.data)
    GET_CFG                                  0x1fff00c6   Data          32  seekfree_mt9v032.o(.data)
    now_row                                  0x1fff00e6   Data           2  seekfree_mt9v032.o(.data)
    mt9v032_finish_flag                      0x1fff00e8   Data           1  seekfree_mt9v032.o(.data)
    duty                                     0x1fff00ec   Data           2  date_analyse.o(.data)
    Dir_Kp_Turn_error_13                     0x1fff00f0   Data           4  date_analyse.o(.data)
    Dir_Kp_Turn_error_04                     0x1fff00f4   Data           4  date_analyse.o(.data)
    Dir_Kp_Turn_error_57                     0x1fff00f8   Data           4  date_analyse.o(.data)
    Dir_Kp_Turn_error_01                     0x1fff00fc   Data           4  date_analyse.o(.data)
    Dir_Kp_Turn_error_34                     0x1fff0100   Data           4  date_analyse.o(.data)
    ultrasonic_distance                      0x1fff0104   Data           4  date_analyse.o(.data)
    i                                        0x1fff0108   Data           1  date_analyse.o(.data)
    num                                      0x1fff0109   Data           1  date_analyse.o(.data)
    mun_1                                    0x1fff010a   Data           1  date_analyse.o(.data)
    Count_delay                              0x1fff010c   Data           2  date_analyse.o(.data)
    roundabout_num_delayed                   0x1fff010e   Data           1  date_analyse.o(.data)
    roundabou_num_first                      0x1fff010f   Data           1  date_analyse.o(.data)
    roundabou_num_second                     0x1fff0110   Data           1  date_analyse.o(.data)
    flag_area_second_last                    0x1fff0111   Data           1  date_analyse.o(.data)
    AD_max_123                               0x1fff0112   Data           2  date_analyse.o(.data)
    flag_area_first                          0x1fff0114   Data           1  date_analyse.o(.data)
    flag_area_second                         0x1fff0115   Data           1  date_analyse.o(.data)
    roundabou_num                            0x1fff0118   Data           4  date_analyse.o(.data)
    flag_roundabou                           0x1fff011c   Data           1  date_analyse.o(.data)
    chazhi                                   0x1fff011e   Data           2  date_analyse.o(.data)
    chazhi_old                               0x1fff0120   Data           2  date_analyse.o(.data)
    Slope_AD_1                               0x1fff0124   Data           4  date_analyse.o(.data)
    position                                 0x1fff0128   Data           2  date_analyse.o(.data)
    position_back                            0x1fff012a   Data           2  date_analyse.o(.data)
    max_value                                0x1fff012c   Data           4  date_analyse.o(.data)
    AD_0_max                                 0x1fff0130   Data           4  date_analyse.o(.data)
    AD_1_max                                 0x1fff0134   Data           4  date_analyse.o(.data)
    AD_2_max                                 0x1fff0138   Data           4  date_analyse.o(.data)
    AD_3_max                                 0x1fff013c   Data           4  date_analyse.o(.data)
    q                                        0x1fff0140   Data           4  date_analyse.o(.data)
    asd4                                     0x1fff0144   Data           8  date_analyse.o(.data)
    __stdout                                 0x1fff0160   Data           4  stdout.o(.data)
    OLED_GRAM                                0x1fff0164   Data        8192  oled.o(.bss)
    image                                    0x1fff2164   Data       22560  seekfree_mt9v032.o(.bss)
    g_ValueOfAD                              0x1fff7984   Data          20  date_analyse.o(.bss)
    g_ValueOfAD_last                         0x1fff7998   Data          20  date_analyse.o(.bss)
    MIN_v                                    0x1fff79ac   Data          20  date_analyse.o(.bss)
    MAX_v                                    0x1fff79c0   Data          20  date_analyse.o(.bss)
    AD_valu                                  0x1fff79d4   Data          20  date_analyse.o(.bss)
    AD_V                                     0x1fff79e8   Data          60  date_analyse.o(.bss)
    AD                                       0x1fff7a24   Data          32  date_analyse.o(.bss)
    sensor_to_one                            0x1fff7a44   Data          40  date_analyse.o(.bss)
    max_v                                    0x1fff7a6c   Data          20  date_analyse.o(.bss)
    min_v                                    0x1fff7a80   Data          20  date_analyse.o(.bss)
    Position_transit                         0x1fff7a94   Data          20  date_analyse.o(.bss)
    AD_sum                                   0x1fff7aa8   Data          20  date_analyse.o(.bss)
    asd5                                     0x1fff7abc   Data          10  date_analyse.o(.bss)
    asd_5                                    0x1fff7ac6   Data          10  date_analyse.o(.bss)
    __initial_sp                             0x1fff8ae8   Data           0  startup_mk60d10.o(STACK)



==============================================================================

Memory Map of the image

  Image Entry point : 0x00000411

  Load Region LR_IROM1 (Base: 0x00000000, Size: 0x000058f8, Max: 0x00080000, ABSOLUTE, COMPRESSED[0x00005814])

    Execution Region ER_IROM1 (Base: 0x00000000, Size: 0x00005794, Max: 0x00080000, ABSOLUTE)

    Base Addr    Size         Type   Attr      Idx    E Section Name        Object

    0x00000000   0x00000400   Data   RO            3    RESET               startup_mk60d10.o
    0x00000400   0x00000010   Code   RO            4    .ARM.__at_0x400     startup_mk60d10.o
    0x00000410   0x00000000   Code   RO         2955  * .ARM.Collect$$$$00000000  mc_w.l(entry.o)
    0x00000410   0x00000004   Code   RO         3332    .ARM.Collect$$$$00000001  mc_w.l(entry2.o)
    0x00000414   0x00000004   Code   RO         3335    .ARM.Collect$$$$00000004  mc_w.l(entry5.o)
    0x00000418   0x00000000   Code   RO         3337    .ARM.Collect$$$$00000008  mc_w.l(entry7b.o)
    0x00000418   0x00000000   Code   RO         3339    .ARM.Collect$$$$0000000A  mc_w.l(entry8b.o)
    0x00000418   0x00000008   Code   RO         3340    .ARM.Collect$$$$0000000B  mc_w.l(entry9a.o)
    0x00000420   0x00000000   Code   RO         3342    .ARM.Collect$$$$0000000D  mc_w.l(entry10a.o)
    0x00000420   0x00000000   Code   RO         3344    .ARM.Collect$$$$0000000F  mc_w.l(entry11a.o)
    0x00000420   0x00000004   Code   RO         3333    .ARM.Collect$$$$00002712  mc_w.l(entry2.o)
    0x00000424   0x00000028   Code   RO            5    .text               startup_mk60d10.o
    0x0000044c   0x00000024   Code   RO         2962    .text               mc_w.l(memseta.o)
    0x00000470   0x000000b0   Code   RO         3257    .text               mf_w.l(fadd.o)
    0x00000520   0x00000064   Code   RO         3259    .text               mf_w.l(fmul.o)
    0x00000584   0x0000007c   Code   RO         3261    .text               mf_w.l(fdiv.o)
    0x00000600   0x0000014e   Code   RO         3263    .text               mf_w.l(dadd.o)
    0x0000074e   0x000000e4   Code   RO         3265    .text               mf_w.l(dmul.o)
    0x00000832   0x000000de   Code   RO         3267    .text               mf_w.l(ddiv.o)
    0x00000910   0x00000012   Code   RO         3269    .text               mf_w.l(fflti.o)
    0x00000922   0x0000000a   Code   RO         3271    .text               mf_w.l(ffltui.o)
    0x0000092c   0x00000022   Code   RO         3273    .text               mf_w.l(dflti.o)
    0x0000094e   0x0000001a   Code   RO         3275    .text               mf_w.l(dfltui.o)
    0x00000968   0x00000028   Code   RO         3279    .text               mf_w.l(ffixui.o)
    0x00000990   0x00000032   Code   RO         3281    .text               mf_w.l(dfixui.o)
    0x000009c2   0x00000026   Code   RO         3283    .text               mf_w.l(f2d.o)
    0x000009e8   0x00000030   Code   RO         3285    .text               mf_w.l(cdcmple.o)
    0x00000a18   0x00000030   Code   RO         3287    .text               mf_w.l(cdrcmple.o)
    0x00000a48   0x00000038   Code   RO         3289    .text               mf_w.l(d2f.o)
    0x00000a80   0x00000014   Code   RO         3291    .text               mf_w.l(cfcmple.o)
    0x00000a94   0x00000014   Code   RO         3293    .text               mf_w.l(cfrcmple.o)
    0x00000aa8   0x0000002c   Code   RO         3347    .text               mc_w.l(uidiv.o)
    0x00000ad4   0x00000062   Code   RO         3349    .text               mc_w.l(uldiv.o)
    0x00000b36   0x0000001e   Code   RO         3351    .text               mc_w.l(llshl.o)
    0x00000b54   0x00000020   Code   RO         3353    .text               mc_w.l(llushr.o)
    0x00000b74   0x00000024   Code   RO         3355    .text               mc_w.l(llsshr.o)
    0x00000b98   0x00000000   Code   RO         3366    .text               mc_w.l(iusefp.o)
    0x00000b98   0x0000006e   Code   RO         3367    .text               mf_w.l(fepilogue.o)
    0x00000c06   0x000000ba   Code   RO         3369    .text               mf_w.l(depilogue.o)
    0x00000cc0   0x00000030   Code   RO         3373    .text               mf_w.l(dfixul.o)
    0x00000cf0   0x00000024   Code   RO         3375    .text               mc_w.l(init.o)
    0x00000d14   0x00000056   Code   RO         3387    .text               mc_w.l(__dczerorl2.o)
    0x00000d6a   0x00000002   PAD
    0x00000d6c   0x00000018   Code   RO         1001    i.DMA0_IRQHandler   isr.o
    0x00000d84   0x0000001c   Code   RO           15    i.Disable_Wdog      system_mk60.o
    0x00000da0   0x0000006c   Code   RO         2885    i.EMCS_init         date_analyse.o
    0x00000e0c   0x00000104   Code   RO          343    i.FTM_port_mux      mk60_ftm.o
    0x00000f10   0x00000002   Code   RO           16    i.NMI_Handler       system_mk60.o
    0x00000f12   0x00000016   Code   RO         1123    i.NVIC_EnableIRQ    main.o
    0x00000f28   0x00000028   Code   RO         1124    i.NVIC_SetPriority  main.o
    0x00000f50   0x00000030   Code   RO         1234    i.OLED_Clear        oled.o
    0x00000f80   0x00000018   Code   RO         1235    i.OLED_DLY_ms       oled.o
    0x00000f98   0x00000068   Code   RO         1236    i.OLED_DrawPoint    oled.o
    0x00001000   0x0000003a   Code   RO         1237    i.OLED_Fill_s       oled.o
    0x0000103a   0x00000002   PAD
    0x0000103c   0x000000bc   Code   RO         1238    i.OLED_Init         oled.o
    0x000010f8   0x00000044   Code   RO         1241    i.OLED_Refresh_Gram  oled.o
    0x0000113c   0x0000002c   Code   RO         1193    i.OLED_SPI_Init     myspi.o
    0x00001168   0x0000010c   Code   RO         1242    i.OLED_ShowChar     oled.o
    0x00001274   0x00000094   Code   RO         1243    i.OLED_ShowNum      oled.o
    0x00001308   0x0000005e   Code   RO         1244    i.OLED_ShowString   oled.o
    0x00001366   0x00000002   PAD
    0x00001368   0x00000014   Code   RO         1002    i.PIT0_IRQHandler   isr.o
    0x0000137c   0x0000009c   Code   RO         1003    i.PIT1_IRQHandler   isr.o
    0x00001418   0x000001f4   Code   RO         1004    i.PIT2_IRQHandler   isr.o
    0x0000160c   0x00000010   Code   RO         1005    i.PORTA_IRQHandler  isr.o
    0x0000161c   0x00000024   Code   RO         1006    i.PORTC_IRQHandler  isr.o
    0x00001640   0x00000764   Code   RO         2886    i.Read_ADC          date_analyse.o
    0x00001da4   0x0000004c   Code   RO         1194    i.SPI_WriteByte     myspi.o
    0x00001df0   0x000000b8   Code   RO           17    i.SYSTEM_CLK        system_mk60.o
    0x00001ea8   0x000001a8   Code   RO         2887    i.Speed_control     date_analyse.o
    0x00002050   0x00000028   Code   RO           18    i.Start             system_mk60.o
    0x00002078   0x0000001c   Code   RO         1007    i.UART3_RX_TX_IRQHandler  isr.o
    0x00002094   0x0000000e   Code   RO         1195    i.WriteCmd          myspi.o
    0x000020a2   0x0000000e   Code   RO         1196    i.WriteData         myspi.o
    0x000020b0   0x00000020   Code   RO         3201    i.__0printf         mc_w.l(printfa.o)
    0x000020d0   0x0000000e   Code   RO         3381    i.__scatterload_copy  mc_w.l(handlers.o)
    0x000020de   0x00000002   Code   RO         3382    i.__scatterload_null  mc_w.l(handlers.o)
    0x000020e0   0x0000000e   Code   RO         3383    i.__scatterload_zeroinit  mc_w.l(handlers.o)
    0x000020ee   0x00000002   PAD
    0x000020f0   0x00000164   Code   RO         3208    i._fp_digits        mc_w.l(printfa.o)
    0x00002254   0x000006dc   Code   RO         3209    i._printf_core      mc_w.l(printfa.o)
    0x00002930   0x00000024   Code   RO         3210    i._printf_post_padding  mc_w.l(printfa.o)
    0x00002954   0x0000002e   Code   RO         3211    i._printf_pre_padding  mc_w.l(printfa.o)
    0x00002982   0x00000036   Code   RO          151    i.adc_ave           mk60_adc.o
    0x000029b8   0x000001b0   Code   RO          152    i.adc_init          mk60_adc.o
    0x00002b68   0x0000004c   Code   RO          153    i.adc_once          mk60_adc.o
    0x00002bb4   0x00000038   Code   RO          154    i.adc_start         mk60_adc.o
    0x00002bec   0x000001b8   Code   RO         2888    i.direction_control  date_analyse.o
    0x00002da4   0x0000004c   Code   RO           19    i.div_set           system_mk60.o
    0x00002df0   0x00000050   Code   RO         1620    i.dma_repeat        seekfree_mt9v032.o
    0x00002e40   0x00000012   Code   RO          857    i.fputc             mk60_uart.o
    0x00002e52   0x00000002   PAD
    0x00002e54   0x00000068   Code   RO          347    i.ftm_pwm_duty      mk60_ftm.o
    0x00002ebc   0x0000011c   Code   RO          349    i.ftm_pwm_init      mk60_ftm.o
    0x00002fd8   0x00000010   Code   RO          350    i.ftm_quad_clean    mk60_ftm.o
    0x00002fe8   0x00000014   Code   RO          351    i.ftm_quad_get      mk60_ftm.o
    0x00002ffc   0x000000d8   Code   RO          352    i.ftm_quad_init     mk60_ftm.o
    0x000030d4   0x00000070   Code   RO          105    i.get_clk           common.o
    0x00003144   0x0000002c   Code   RO          429    i.gpio_get          mk60_gpio.o
    0x00003170   0x000000d4   Code   RO          430    i.gpio_init         mk60_gpio.o
    0x00003244   0x00000048   Code   RO          431    i.gpio_set          mk60_gpio.o
    0x0000328c   0x00000028   Code   RO          432    i.gpio_turn         mk60_gpio.o
    0x000032b4   0x000002a0   Code   RO         1125    i.keycan            main.o
    0x00003554   0x000001fc   Code   RO         1126    i.main              main.o
    0x00003750   0x00000050   Code   RO         1623    i.mt9v032_cof_uart_interrupt  seekfree_mt9v032.o
    0x000037a0   0x00000018   Code   RO         1398    i.myabs             seekfree_fun.o
    0x000037b8   0x00000016   Code   RO         1245    i.mypow             oled.o
    0x000037ce   0x00000002   PAD
    0x000037d0   0x00000030   Code   RO          563    i.pit_close         mk60_pit.o
    0x00003800   0x0000005c   Code   RO          565    i.pit_init          mk60_pit.o
    0x0000385c   0x00000054   Code   RO          566    i.pit_time_get      mk60_pit.o
    0x000038b0   0x0000005c   Code   RO          567    i.pit_time_start    mk60_pit.o
    0x0000390c   0x00000074   Code   RO          610    i.port_init         mk60_port.o
    0x00003980   0x00000124   Code   RO         1128    i.read_ad_test      main.o
    0x00003aa4   0x00000050   Code   RO         1624    i.row_finished      seekfree_mt9v032.o
    0x00003af4   0x0000002c   Code   RO          808    i.systick_delay     mk60_systick.o
    0x00003b20   0x00000024   Code   RO          809    i.systick_delay_ms  mk60_systick.o
    0x00003b44   0x00000024   Code   RO          858    i.uart_getchar      mk60_uart.o
    0x00003b68   0x000001fc   Code   RO          859    i.uart_init         mk60_uart.o
    0x00003d64   0x00000020   Code   RO          861    i.uart_putchar      mk60_uart.o
    0x00003d84   0x000001cc   Code   RO         2890    i.ultrasonic        date_analyse.o
    0x00003f50   0x00000008   Data   RO          156    .constdata          mk60_adc.o
    0x00003f58   0x0000000c   Data   RO          353    .constdata          mk60_ftm.o
    0x00003f64   0x00000028   Data   RO          433    .constdata          mk60_gpio.o
    0x00003f8c   0x00000028   Data   RO          612    .constdata          mk60_port.o
    0x00003fb4   0x000017c0   Data   RO         1247    .constdata          oled.o
    0x00005774   0x00000020   Data   RO         3379    Region$$Table       anon$$obj.o


    Execution Region RW_IRAM1 (Base: 0x1fff0000, Size: 0x00008ae8, Max: 0x00020000, ABSOLUTE, COMPRESSED[0x00000080])

    Base Addr    Size         Type   Attr      Idx    E Section Name        Object

    0x1fff0000   0x0000000c   Data   RW          106    .data               common.o
    0x1fff000c   0x00000008   Data   RW          354    .data               mk60_ftm.o
    0x1fff0014   0x00000018   Data   RW          868    .data               mk60_uart.o
    0x1fff002c   0x00000003   Data   RW         1008    .data               isr.o
    0x1fff002f   0x00000001   PAD
    0x1fff0030   0x0000006c   Data   RW         1129    .data               main.o
    0x1fff009c   0x0000004d   Data   RW         1629    .data               seekfree_mt9v032.o
    0x1fff00e9   0x00000003   PAD
    0x1fff00ec   0x00000071   Data   RW         2892    .data               date_analyse.o
    0x1fff015d   0x00000003   PAD
    0x1fff0160   0x00000004   Data   RW         3346    .data               mc_w.l(stdout.o)
    0x1fff0164   0x00002000   Zero   RW         1246    .bss                oled.o
    0x1fff2164   0x00005820   Zero   RW         1628    .bss                seekfree_mt9v032.o
    0x1fff7984   0x00000164   Zero   RW         2891    .bss                date_analyse.o
    0x1fff7ae8   0x00001000   Zero   RW            1    STACK               startup_mk60d10.o


==============================================================================

Image component sizes


      Code (inc. data)   RO Data    RW Data    ZI Data      Debug   Object Name

       112         20          0         12          0       2872   common.o
      3324        440          0        113        356       8182   date_analyse.o
       780        146          0          3          0      26126   isr.o
      1534        248          0        108          0      26934   main.o
       618         80          8          0          0       4835   mk60_adc.o
       900         54         12          8          0       5902   mk60_ftm.o
       368         30         40          0          0       3198   mk60_gpio.o
       316         38          0          0          0       3163   mk60_pit.o
       116         14         40          0          0       1320   mk60_port.o
        80          4          0          0          0       1147   mk60_systick.o
       594         38          0         24          0      25592   mk60_uart.o
       148          6          0          0          0       2207   myspi.o
      1022         34       6080          0       8192       7929   oled.o
        24          0          0          0          0        604   seekfree_fun.o
       240         38          0         77      22560       5026   seekfree_mt9v032.o
        56         24       1024          0       4096       1208   startup_mk60d10.o
       330         42          0          0          0     246546   system_mk60.o

    ----------------------------------------------------------------------
     10570       1256       7236        352      35204     372791   Object Totals
         0          0         32          0          0          0   (incl. Generated)
         8          0          0          7          0          0   (incl. Padding)

    ----------------------------------------------------------------------

      Code (inc. data)   RO Data    RW Data    ZI Data      Debug   Library Member Name

        86          0          0          0          0          0   __dczerorl2.o
         0          0          0          0          0          0   entry.o
         0          0          0          0          0          0   entry10a.o
         0          0          0          0          0          0   entry11a.o
         8          4          0          0          0          0   entry2.o
         4          0          0          0          0          0   entry5.o
         0          0          0          0          0          0   entry7b.o
         0          0          0          0          0          0   entry8b.o
         8          4          0          0          0          0   entry9a.o
        30          0          0          0          0          0   handlers.o
        36          8          0          0          0         68   init.o
         0          0          0          0          0          0   iusefp.o
        30          0          0          0          0         68   llshl.o
        36          0          0          0          0         68   llsshr.o
        32          0          0          0          0         68   llushr.o
        36          0          0          0          0        108   memseta.o
      2226         90          0          0          0        444   printfa.o
         0          0          0          4          0          0   stdout.o
        44          0          0          0          0         80   uidiv.o
        98          0          0          0          0         92   uldiv.o
        48          0          0          0          0         68   cdcmple.o
        48          0          0          0          0         68   cdrcmple.o
        20          0          0          0          0         68   cfcmple.o
        20          0          0          0          0         68   cfrcmple.o
        56          0          0          0          0         88   d2f.o
       334          0          0          0          0        148   dadd.o
       222          0          0          0          0        100   ddiv.o
       186          0          0          0          0        176   depilogue.o
        50          0          0          0          0         76   dfixui.o
        48          0          0          0          0         68   dfixul.o
        34          0          0          0          0         76   dflti.o
        26          0          0          0          0         76   dfltui.o
       228          0          0          0          0         96   dmul.o
        38          0          0          0          0         68   f2d.o
       176          0          0          0          0        140   fadd.o
       124          0          0          0          0         88   fdiv.o
       110          0          0          0          0        168   fepilogue.o
        40          0          0          0          0         68   ffixui.o
        18          0          0          0          0         68   fflti.o
        10          0          0          0          0         68   ffltui.o
       100          0          0          0          0         76   fmul.o

    ----------------------------------------------------------------------
      4614        106          0          4          0       2916   Library Totals
         4          0          0          0          0          0   (incl. Padding)

    ----------------------------------------------------------------------

      Code (inc. data)   RO Data    RW Data    ZI Data      Debug   Library Name

      2674        106          0          4          0        996   mc_w.l
      1936          0          0          0          0       1920   mf_w.l

    ----------------------------------------------------------------------
      4614        106          0          4          0       2916   Library Totals

    ----------------------------------------------------------------------

==============================================================================


      Code (inc. data)   RO Data    RW Data    ZI Data      Debug   

     15184       1362       7236        356      35204     371103   Grand Totals
     15184       1362       7236        128      35204     371103   ELF Image Totals (compressed)
     15184       1362       7236        128          0          0   ROM Totals

==============================================================================

    Total RO  Size (Code + RO Data)                22420 (  21.89kB)
    Total RW  Size (RW Data + ZI Data)             35560 (  34.73kB)
    Total ROM Size (Code + RO Data + RW Data)      22548 (  22.02kB)

==============================================================================

