<html>
<body>
<pre>
<h1>礦ision Build Log</h1>
<h2>Tool Versions:</h2>
IDE-Version: μVision V5.20.0.39
Copyright (C) 2016 ARM Ltd and ARM Germany GmbH. All rights reserved.
License Information: Administrator Administrator, Administrator, LIC=FQQ8T-R0N37-33VM1-CY4CW-M53IS-YYTYH
 
Tool Versions:
Toolchain:       MDK-ARM Professional  Version: 5.14.0.0
Toolchain Path:  d:\Keil_v5\ARM\ARMCC\Bin
C Compiler:      Armcc.exe V5.05 update 1 (build 106)
Assembler:       Armasm.exe V5.05 update 1 (build 106)
Linker/Locator:  ArmLink.exe V5.05 update 1 (build 106)
Library Manager: ArmAr.exe V5.05 update 1 (build 106)
Hex Converter:   FromElf.exe V5.05 update 1 (build 106)
CPU DLL:         SARMCM3.DLL V5.14.0.0
Dialog DLL:      DCM.DLL V1.13.1.0
Target DLL:      Segger\JL2CM3.dll V2.99.13.0
Dialog DLL:      TCM.DLL V1.14.4.0
 
<h2>Project:</h2>
E:\Office\~14届室外电磁越野智能车\OutdoorOffRoadSoftware -2019年7月13日 220716\Projecct\MDK\SeekFree_Kinetis.uvprojx
Project File Date:  07/13/2019

<h2>Output:</h2>
*** Using Compiler 'V5.05 update 1 (build 106)', folder: 'd:\Keil_v5\ARM\ARMCC\Bin'
Build target 'SeekFree_MK60DN'
compiling main.c...
linking...
Program Size: Code=15184 RO-data=7236 RW-data=356 ZI-data=35204  
FromELF: creating hex file...
".\Objects\SeekFree_Kinetis.axf" - 0 Error(s), 0 Warning(s).

<h2>Collection of Component include folders:</h2>
  E:\Office\~14届室外电磁越野智能车\OutdoorOffRoadSoftware -2019年7月13日 220716\Projecct\MDK\RTE
  d:\Keil_v5\ARM\PACK\Keil\Kinetis_K60_DFP\1.0.1\Device\Include

<h2>Collection of Component Files used:</h2>
Build Time Elapsed:  00:00:01
</pre>
</body>
</html>
